Archive member included because of file (symbol)

C:\fehqt\Proteus/EWL/lib/armv7e-m\libc.a(sprintf.o)
                              Libraries\FEHLCD.o (sprintf)
C:\fehqt\Proteus/EWL/lib/armv7e-m\libc.a(vsnprintf.o)
                              C:\fehqt\Proteus/EWL/lib/armv7e-m\libc.a(sprintf.o) (vsnprintf)
C:\fehqt\Proteus/EWL/lib/armv7e-m\libc.a(vsscanf.o)
                              Libraries\FEHSD.o (vsscanf)
C:\fehqt\Proteus/EWL/lib/armv7e-m\libc.a(exit.o)
                              Startup\__arm_start.o (exit)
C:\fehqt\Proteus/EWL/lib/armv7e-m\libc.a(memcpy.o)
                              C:\fehqt\Proteus/EWL/lib/armv7e-m\libc.a(vsnprintf.o) (memcpy)
C:\fehqt\Proteus/EWL/lib/armv7e-m\libc.a(memset.o)
                              Startup\__arm_start.o (memset)
C:\fehqt\Proteus/EWL/lib/armv7e-m\libc.a(strcmp.o)
                              Libraries\FEHLCD.o (strcmp)
C:\fehqt\Proteus/EWL/lib/armv7e-m\libc.a(strcpy.o)
                              Libraries\FEHLCD.o (strcpy)
C:\fehqt\Proteus/EWL/lib/armv7e-m\libc.a(strlen.o)
                              Libraries\FEHLCD.o (strlen)
C:\fehqt\Proteus/EWL/lib/armv7e-m\libc.a(printformat_.o)
                              (__pformatter_)
C:\fehqt\Proteus/EWL/lib/armv7e-m\libc.a(scanformat_.o)
                              (__sformatter)
C:\fehqt\Proteus/EWL/lib/armv7e-m\libc.a(ctype_aeabi.o)
                              C:\fehqt\Proteus/EWL/lib/armv7e-m\libc.a(scanformat_.o) (isspace)
C:\fehqt\Proteus/EWL/lib/armv7e-m\libc.a(__strtoul.o)
                              C:\fehqt\Proteus/EWL/lib/armv7e-m\libc.a(scanformat_.o) (__strtoul)
C:\fehqt\Proteus/EWL/lib/armv7e-m\libc.a(__filll_mem.o)
                              C:\fehqt\Proteus/EWL/lib/armv7e-m\libc.a(memset.o) (__fill_mem)
C:\fehqt\Proteus/EWL/lib/armv7e-m\libc.a(memchr.o)
                              C:\fehqt\Proteus/EWL/lib/armv7e-m\libc.a(printformat_.o) (memchr)
C:\fehqt\Proteus/EWL/lib/armv7e-m\libc.a(strchr.o)
                              C:\fehqt\Proteus/EWL/lib/armv7e-m\libc.a(printformat_.o) (strchr)
c:/fehqt/proteus/gcc/bin/../lib/gcc/arm-none-eabi/4.6.2/armv7e-m\libgcc.a(_arm_addsubdf3.o)
                              ..\main.o (__aeabi_dsub)
c:/fehqt/proteus/gcc/bin/../lib/gcc/arm-none-eabi/4.6.2/armv7e-m\libgcc.a(_arm_muldivdf3.o)
                              ..\main.o (__aeabi_dmul)
c:/fehqt/proteus/gcc/bin/../lib/gcc/arm-none-eabi/4.6.2/armv7e-m\libgcc.a(_arm_cmpdf2.o)
                              ..\main.o (__aeabi_dcmplt)
c:/fehqt/proteus/gcc/bin/../lib/gcc/arm-none-eabi/4.6.2/armv7e-m\libgcc.a(_arm_fixdfsi.o)
                              ..\main.o (__aeabi_d2iz)
c:/fehqt/proteus/gcc/bin/../lib/gcc/arm-none-eabi/4.6.2/armv7e-m\libgcc.a(_arm_fixunsdfsi.o)
                              Libraries\FEHUtility.o (__aeabi_d2uiz)
c:/fehqt/proteus/gcc/bin/../lib/gcc/arm-none-eabi/4.6.2/armv7e-m\libgcc.a(_arm_truncdfsf2.o)
                              ..\main.o (__aeabi_d2f)
c:/fehqt/proteus/gcc/bin/../lib/gcc/arm-none-eabi/4.6.2/armv7e-m\libgcc.a(_arm_addsubsf3.o)
                              ..\main.o (__aeabi_fsub)
c:/fehqt/proteus/gcc/bin/../lib/gcc/arm-none-eabi/4.6.2/armv7e-m\libgcc.a(_arm_muldivsf3.o)
                              ..\main.o (__aeabi_fmul)
c:/fehqt/proteus/gcc/bin/../lib/gcc/arm-none-eabi/4.6.2/armv7e-m\libgcc.a(_arm_cmpsf2.o)
                              Libraries\FEHServo.o (__aeabi_fcmpeq)
c:/fehqt/proteus/gcc/bin/../lib/gcc/arm-none-eabi/4.6.2/armv7e-m\libgcc.a(_arm_fixsfsi.o)
                              Libraries\FEHLCD.o (__aeabi_f2iz)
c:/fehqt/proteus/gcc/bin/../lib/gcc/arm-none-eabi/4.6.2/armv7e-m\libgcc.a(_arm_fixunssfsi.o)
                              Drivers\mcg.o (__aeabi_f2uiz)
C:\fehqt\Proteus/EWL/lib/armv7e-m\librt.a(gcc_ctor_dtor.o)
                              Startup\__arm_start.o (__init_cpp)
C:\fehqt\Proteus/EWL/lib/armv7e-m\librt.a(ROMCopy.o)
                              Startup\__arm_start.o (__copy_rom_sections_to_ram)
C:\fehqt\Proteus/EWL/lib/armv7e-m\librt.a(__arm_eabi_init.o)
                              C:\fehqt\Proteus/EWL/lib/armv7e-m\libc.a(exit.o) (__destroy_global_chain)
C:\fehqt\Proteus/EWL/lib/armv7e-m\librt.a(New.o)
                              Libraries\FEHIO.o (operator new(unsigned int))
c:/fehqt/proteus/gcc/bin/../lib/gcc/arm-none-eabi/4.6.2/../../../../arm-none-eabi/lib/armv7e-m\libsupc++.a(class_type_info.o)
                              C:\fehqt\Proteus/EWL/lib/armv7e-m\librt.a(New.o) (vtable for __cxxabiv1::__class_type_info)
c:/fehqt/proteus/gcc/bin/../lib/gcc/arm-none-eabi/4.6.2/../../../../arm-none-eabi/lib/armv7e-m\libsupc++.a(eh_alloc.o)
                              C:\fehqt\Proteus/EWL/lib/armv7e-m\librt.a(New.o) (__cxa_allocate_exception)
c:/fehqt/proteus/gcc/bin/../lib/gcc/arm-none-eabi/4.6.2/../../../../arm-none-eabi/lib/armv7e-m\libsupc++.a(eh_arm.o)
                              C:\fehqt\Proteus/EWL/lib/armv7e-m\librt.a(New.o) (__cxa_end_cleanup)
[...]
Memory Configuration

Name             Origin             Length             Attributes
m_interrupts     0x0000c000         0x00000400         xr
m_cfmprotrom     0x0000c400         0x00000010         xr
m_text           0x0000c410         0x00073bf0         xr
m_data           0x1fff0400         0x0000fc00         xrw
m_data2          0x20000000         0x00010000         xrw
*default*        0x00000000         0xffffffff

Linker script and memory map

LOAD ..\main.o
LOAD Startup\__arm_start.o
LOAD Startup\__arm_end.o
LOAD Startup\kinetis_sysinit.o
LOAD Libraries\FEHMotor.o
LOAD Drivers\mcg.o
LOAD Drivers\i2c.o
LOAD Drivers\spi.o
LOAD Drivers\uart.o
LOAD Drivers\ff.o
LOAD Drivers\SDHC.o
LOAD Drivers\lptmr.o
LOAD FEHProteus.o
LOAD Drivers\FEHPropeller.o
LOAD Libraries\FEHUtility.o
LOAD Libraries\FEHIO.o
LOAD Drivers\adc16.o
LOAD Libraries\FEHBuzzer.o
LOAD Libraries\FEHServo.o
LOAD Libraries\FEHLCD.o
LOAD Libraries\FEHAccel.o
LOAD Libraries\FEHBattery.o
LOAD Drivers\FEHXBee.o
LOAD Libraries\FEHRPS.o
LOAD Libraries\FEHSD.o
                0x000180fc                __pformatter = __pformatter_
                [0x000184f4]                __sformatter = __sformatter
LOAD C:\fehqt\Proteus/EWL/lib/armv7e-m\libstdc++.a
LOAD C:\fehqt\Proteus/EWL/lib/armv7e-m\libm.a
START GROUP
LOAD C:\fehqt\Proteus/EWL/lib/armv7e-m\libc.a
LOAD C:\fehqt\Proteus/EWL/lib/armv7e-m\libc++.a
LOAD C:\fehqt\Proteus/EWL/lib/armv7e-m\libm.a
LOAD c:/fehqt/proteus/gcc/bin/../lib/gcc/arm-none-eabi/4.6.2/armv7e-m\libgcc.a
LOAD C:\fehqt\Proteus/EWL/lib/armv7e-m\librt.a
LOAD c:/fehqt/proteus/gcc/bin/../lib/gcc/arm-none-eabi/4.6.2/../../../../arm-none-eabi/lib/armv7e-m\libsupc++.a
END GROUP
                0x20000000                _estack = 0x20000000
                0x20000000                __SP_INIT = _estack
                0x00000800                __heap_size = 0x800
                0x00000800                __stack_size = 0x800

.interrupts     0x0000c000      0x1e0
                0x0000c000                __vector_table = .
                0x0000c000                . = ALIGN (0x4)
 *(.vectortable)
 .vectortable   0x0000c000      0x1e0 Startup\kinetis_sysinit.o
                0x0000c1e0                . = ALIGN (0x4)

.cfmprotect     0x0000c400        0x0
                0x0000c400                . = ALIGN (0x4)
 *(.cfmconfig)
                0x0000c400                . = ALIGN (0x4)

.text           0x0000c410     0xd368
                0x0000c410                . = ALIGN (0x4)
 *(.text)
 .text          0x0000c410      0x370 c:/fehqt/proteus/gcc/bin/../lib/gcc/arm-none-eabi/4.6.2/armv7e-m\libgcc.a(_arm_addsubdf3.o)
                0x0000c410                __aeabi_drsub
                0x0000c418                __aeabi_dsub
                0x0000c418                __subdf3
                0x0000c41c                __aeabi_dadd
                0x0000c41c                __adddf3
                0x0000c694                __floatunsidf
                0x0000c694                __aeabi_ui2d
                0x0000c6b4                __floatsidf
                0x0000c6b4                __aeabi_i2d
                0x0000c6d8                __aeabi_f2d
                0x0000c6d8                __extendsfdf2
                0x0000c714                __floatundidf
                0x0000c714                __aeabi_ul2d
                0x0000c724                __floatdidf
                0x0000c724                __aeabi_l2d
 .text          0x0000c780      0x424 c:/fehqt/proteus/gcc/bin/../lib/gcc/arm-none-eabi/4.6.2/armv7e-m\libgcc.a(_arm_muldivdf3.o)
                0x0000c780                __aeabi_dmul
                0x0000c780                __muldf3
                0x0000c9d4                __divdf3
                0x0000c9d4                __aeabi_ddiv
 .text          0x0000cba4      0x110 c:/fehqt/proteus/gcc/bin/../lib/gcc/arm-none-eabi/4.6.2/armv7e-m\libgcc.a(_arm_cmpdf2.o)
                0x0000cba4                __gtdf2
                0x0000cba4                __gedf2
                0x0000cbac                __ltdf2
                0x0000cbac                __ledf2
                0x0000cbb4                __nedf2
                0x0000cbb4                __eqdf2
                0x0000cbb4                __cmpdf2
                0x0000cc30                __aeabi_cdrcmple
                0x0000cc40                __aeabi_cdcmpeq
                0x0000cc40                __aeabi_cdcmple
                0x0000cc50                __aeabi_dcmpeq
                0x0000cc64                __aeabi_dcmplt
                0x0000cc78                __aeabi_dcmple
                0x0000cc8c                __aeabi_dcmpge
                0x0000cca0                __aeabi_dcmpgt
 .text          0x0000ccb4       0x50 c:/fehqt/proteus/gcc/bin/../lib/gcc/arm-none-eabi/4.6.2/armv7e-m\libgcc.a(_arm_fixdfsi.o)
                0x0000ccb4                __aeabi_d2iz
                0x0000ccb4                __fixdfsi
 .text          0x0000cd04       0x40 c:/fehqt/proteus/gcc/bin/../lib/gcc/arm-none-eabi/4.6.2/armv7e-m\libgcc.a(_arm_fixunsdfsi.o)
                0x0000cd04                __aeabi_d2uiz
                0x0000cd04                __fixunsdfsi
 .text          0x0000cd44       0xa0 c:/fehqt/proteus/gcc/bin/../lib/gcc/arm-none-eabi/4.6.2/armv7e-m\libgcc.a(_arm_truncdfsf2.o)
                0x0000cd44                __truncdfsf2
                0x0000cd44                __aeabi_d2f
 .text          0x0000cde4      0x21c c:/fehqt/proteus/gcc/bin/../lib/gcc/arm-none-eabi/4.6.2/armv7e-m\libgcc.a(_arm_addsubsf3.o)
                0x0000cde4                __aeabi_frsub
                0x0000cdec                __subsf3
                0x0000cdec                __aeabi_fsub
                0x0000cdf0                __aeabi_fadd
                0x0000cdf0                __addsf3
                0x0000cf50                __aeabi_ui2f
                0x0000cf50                __floatunsisf
                0x0000cf58                __aeabi_i2f
                0x0000cf58                __floatsisf
                0x0000cf74                __aeabi_ul2f
                0x0000cf74                __floatundisf
                0x0000cf84                __aeabi_l2f
                0x0000cf84                __floatdisf
 .text          0x0000d000      0x2a0 c:/fehqt/proteus/gcc/bin/../lib/gcc/arm-none-eabi/4.6.2/armv7e-m\libgcc.a(_arm_muldivsf3.o)
                0x0000d000                __mulsf3
                0x0000d000                __aeabi_fmul
                0x0000d168                __aeabi_fdiv
                0x0000d168                __divsf3
 .text          0x0000d2a0       0xec c:/fehqt/proteus/gcc/bin/../lib/gcc/arm-none-eabi/4.6.2/armv7e-m\libgcc.a(_arm_cmpsf2.o)
                0x0000d2a0                __gesf2
                0x0000d2a0                __gtsf2
                0x0000d2a8                __lesf2
                0x0000d2a8                __ltsf2
                0x0000d2b0                __nesf2
                0x0000d2b0                __eqsf2
                0x0000d2b0                __cmpsf2
                0x0000d310                __aeabi_cfrcmple
                0x0000d318                __aeabi_cfcmpeq
                0x0000d318                __aeabi_cfcmple
                0x0000d328                __aeabi_fcmpeq
                0x0000d33c                __aeabi_fcmplt
                0x0000d350                __aeabi_fcmple
                0x0000d364                __aeabi_fcmpge
                0x0000d378                __aeabi_fcmpgt
 .text          0x0000d38c       0x4c c:/fehqt/proteus/gcc/bin/../lib/gcc/arm-none-eabi/4.6.2/armv7e-m\libgcc.a(_arm_fixsfsi.o)
                0x0000d38c                __aeabi_f2iz
                0x0000d38c                __fixsfsi
 *(.text*)
 .text._ZSt3absf
                0x0000d3d8       0x1c ..\main.o
                0x0000d3d8                std::abs(float)
 *fill*         0x0000d3f4        0x4 00
 .text._Z17theoreticalCountsf
                0x0000d3f8       0x58 ..\main.o
                0x0000d3f8                theoreticalCounts(float)
 .text._Z17theoreticalDegreef
                0x0000d450       0x78 ..\main.o
                0x0000d450                theoreticalDegree(float)
 .text._Z12move_forwardif
                0x0000d4c8      0x1dc ..\main.o
                0x0000d4c8                move_forward(int, float)
 .text._Z13move_backwardif
                0x0000d6a4      0x1dc ..\main.o
                0x0000d6a4                move_backward(int, float)
 .text._Z8turnLeftif
                0x0000d880      0x1e8 ..\main.o
                0x0000d880                turnLeft(int, float)
 .text._Z9turnRightif
                0x0000da68      0x1d0 ..\main.o
                0x0000da68                turnRight(int, float)
 .text._Z8RPS_Yincff
                0x0000dc38      0x370 ..\main.o
                0x0000dc38                RPS_Yinc(float, float)
 .text._Z9RPS_Anglef
                0x0000dfa8      0x58c ..\main.o
                0x0000dfa8                RPS_Angle(float)
 *fill*         0x0000e534        0x4 00
 .text._Z13RPS_X_dec_absf
                0x0000e538      0x328 ..\main.o
                0x0000e538                RPS_X_dec_abs(float)
 .text._Z13RPS_X_inc_absf
                0x0000e860      0x328 ..\main.o
                0x0000e860                RPS_X_inc_abs(float)
 .text._Z12waitForLightv
                0x0000eb88      0x100 ..\main.o
                0x0000eb88                waitForLight()
 .text._Z13checkDDRLighti
                0x0000ec88      0x1d8 ..\main.o
                0x0000ec88                checkDDRLight(int)
 .text._Z5doDDRv
                0x0000ee60      0x30c ..\main.o
                0x0000ee60                doDDR()
 .text._Z10doFoosballv
                0x0000f16c      0x1bc ..\main.o
                0x0000f16c                doFoosball()
 .text._Z7doLeverv
                0x0000f328       0x70 ..\main.o
                0x0000f328                doLever()
 .text._Z7doTokenv
                0x0000f398       0x70 ..\main.o
                0x0000f398                doToken()
 .text._Z6finishv
                0x0000f408       0x88 ..\main.o
                0x0000f408                finish()
 .text._Z10initializev
                0x0000f490       0xe0 ..\main.o
                0x0000f490                initialize()
 .text.main     0x0000f570       0x28 ..\main.o
                0x0000f570                main
 .text._Z41__static_initialization_and_destruction_0ii
                0x0000f598       0xc0 ..\main.o
 .text._GLOBAL__sub_I_X_coord
                0x0000f658       0x14 ..\main.o
 .text.zero_fill_bss
                0x0000f66c       0x34 Startup\__arm_start.o
 .text.__thumb_startup
                0x0000f6a0       0x34 Startup\__arm_start.o
                0x0000f6a0                __thumb_startup
 .text.InitFEHProteus
                0x0000f6d4      0x15c Startup\__arm_start.o
                0x0000f6d4                InitFEHProteus
 .text.pll_init_bl
                0x0000f830      0x130 Startup\__arm_start.o
 .text.InitPowerButton
                0x0000f960       0x90 Startup\__arm_start.o
                0x0000f960                InitPowerButton
 .text._ExitProcess
                0x0000f9f0        0xc Startup\__arm_end.o
                0x0000f9f0                _ExitProcess
 .text.Default_Handler
                0x0000f9fc        0xc Startup\kinetis_sysinit.o
                0x0000f9fc                BusFault_Handler()
                0x0000f9fc                HardFault_Handler()
                0x0000f9fc                SysTick_Handler()
                0x0000f9fc                PendSV_Handler()
                0x0000f9fc                DebugMonitor_Handler()
                0x0000f9fc                MemManage_Handler()
                0x0000f9fc                NMI_Handler()
                0x0000f9fc                SVC_Handler()
                0x0000f9fc                Default_Handler
                0x0000f9fc                UsageFault_Handler()
 .text.__init_hardware
                0x0000fa08       0x44 Startup\kinetis_sysinit.o
                0x0000fa08                __init_hardware
 .text._Z8PortDISRv
                0x0000fa4c       0x64 Startup\kinetis_sysinit.o
                0x0000fa4c                PortDISR()
 .text._ZN8FEHMotorC2ENS_12FEHMotorPortEf
                0x0000fab0       0xb0 Libraries\FEHMotor.o
                0x0000fab0                FEHMotor::FEHMotor(FEHMotor::FEHMotorPort, float)
                0x0000fab0                FEHMotor::FEHMotor(FEHMotor::FEHMotorPort, float)
 .text._ZN8FEHMotor4StopEv
                0x0000fb60       0x3c Libraries\FEHMotor.o
                0x0000fb60                FEHMotor::Stop()
 .text._ZN8FEHMotor8SetPowerEi
                0x0000fb9c       0x60 Libraries\FEHMotor.o
                0x0000fb9c                FEHMotor::SetPower(int)
 *fill*         0x0000fbfc        0x4 00
 .text._ZN8FEHMotor10SetPercentEf
                0x0000fc00      0x158 Libraries\FEHMotor.o
                0x0000fc00                FEHMotor::SetPercent(float)
 .text._Z21IIC_StartTransmissionhh
                0x0000fd58       0x98 Drivers\i2c.o
                0x0000fd58                IIC_StartTransmission(unsigned char, unsigned char)
 .text._Z5Pausev
                0x0000fdf0       0x34 Drivers\i2c.o
                0x0000fdf0                Pause()
 .text._Z21MMA8451QWriteRegisterhh
                0x0000fe24      0x12c Drivers\i2c.o
                0x0000fe24                MMA8451QWriteRegister(unsigned char, unsigned char)
 .text._Z12SPI_SendCharh
                0x0000ff50       0x1c Drivers\spi.o
                0x0000ff50                SPI_SendChar(unsigned char)
 .text._Z16SPI_WriteCommandhh
                0x0000ff6c       0x34 Drivers\spi.o
                0x0000ff6c                SPI_WriteCommand(unsigned char, unsigned char)
 .text._Z11SPI_GetCharv
                0x0000ffa0       0x14 Drivers\spi.o
                0x0000ffa0                SPI_GetChar()
 .text._Z15SPI_ReadCommandh
                0x0000ffb4       0x3c Drivers\spi.o
                0x0000ffb4                SPI_ReadCommand(unsigned char)
 .text._Z13SPI_CS_Assertv
                0x0000fff0       0x24 Drivers\spi.o
                0x0000fff0                SPI_CS_Assert()
 .text._Z15SPI_CS_Deassertv
                0x00010014       0x24 Drivers\spi.o
                0x00010014                SPI_CS_Deassert()
 .text._Z12SPI_Transferh
                0x00010038       0x88 Drivers\spi.o
                0x00010038                SPI_Transfer(unsigned char)
 .text._Z8SPI_Initv
                0x000100c0       0xe8 Drivers\spi.o
                0x000100c0                SPI_Init()
 .text._Z9uart_initPV11UART_MemMapii
                0x000101a8      0x20c Drivers\uart.o
                0x000101a8                uart_init(UART_MemMap volatile*, int, int)
 .text._Z12uart_getcharPV11UART_MemMap
                0x000103b4       0x34 Drivers\uart.o
                0x000103b4                uart_getchar(UART_MemMap volatile*)
 .text._Z12uart_putcharPV11UART_MemMapc
                0x000103e8       0x38 Drivers\uart.o
                0x000103e8                uart_putchar(UART_MemMap volatile*, char)
 .text._ZL7mem_setPvij
                0x00010420       0x44 Drivers\ff.o
 .text._ZL11move_windowP5FATFSm
                0x00010464       0xf0 Drivers\ff.o
 .text._ZL4syncP5FATFS
                0x00010554      0x188 Drivers\ff.o
 .text._ZL8validateP5FATFSt
                0x000106dc       0x54 Drivers\ff.o
 .text._Z6f_syncP3FIL
                0x00010730      0x1c0 Drivers\ff.o
                0x00010730                f_sync(FIL*)
 .text._Z7f_closeP3FIL
                0x000108f0       0x2c Drivers\ff.o
                0x000108f0                f_close(FIL*)
 .text._ZL17SDHC_set_baudratemm
                0x0001091c      0x14c Drivers\SDHC.o
 .text._Z9SDHC_initP17esdhc_info_structPK17esdhc_init_struct
                0x00010a68      0x1c4 Drivers\SDHC.o
                0x00010a68                SDHC_init(esdhc_info_struct*, esdhc_init_struct const*)
 .text._ZL15SDHC_is_runningv
                0x00010c2c       0x28 Drivers\SDHC.o
 .text._ZL16SDHC_status_waitm
                0x00010c54       0x38 Drivers\SDHC.o
 .text._ZL17SDHC_send_commandP20esdhc_command_struct
                0x00010c8c      0x2a0 Drivers\SDHC.o
 .text._Z10SDHC_ioctlmPv
                0x00010f2c      0x978 Drivers\SDHC.o
                0x00010f2c                SDHC_ioctl(unsigned long, void*)
 .text._ZL14rcvr_datablockPhm
                0x000118a4      0x134 Drivers\SDHC.o
 .text._Z9disk_readhPhmh
                0x000119d8      0x13c Drivers\SDHC.o
                0x000119d8                disk_read(unsigned char, unsigned char*, unsigned long, unsigned char)
 .text._ZL14xmit_datablockPKhm
                0x00011b14       0xe0 Drivers\SDHC.o
 .text._Z10disk_writehPKhmh
                0x00011bf4      0x1cc Drivers\SDHC.o
                0x00011bf4                disk_write(unsigned char, unsigned char const*, unsigned long, unsigned char)
 .text._Z10disk_ioctlhhPv
                0x00011dc0      0x128 Drivers\SDHC.o
                0x00011dc0                disk_ioctl(unsigned char, unsigned char, void*)
 .text._Z11disk_statush
                0x00011ee8       0x30 Drivers\SDHC.o
                0x00011ee8                disk_status(unsigned char)
 .text._Z13time_delay_msm
                0x00011f18       0xa4 Drivers\lptmr.o
                0x00011f18                time_delay_ms(unsigned long)
 .text._Z41__static_initialization_and_destruction_0ii
                0x00011fbc       0x30 FEHProteus.o
 .text._GLOBAL__sub_I_Propeller
                0x00011fec       0x14 FEHProteus.o
 .text._ZN12FEHPropellerC2Ev
                0x00012000       0x20 Drivers\FEHPropeller.o
                0x00012000                FEHPropeller::FEHPropeller()
                0x00012000                FEHPropeller::FEHPropeller()
 .text._ZN12FEHPropeller10InitializeEv
                0x00012020       0x94 Drivers\FEHPropeller.o
                0x00012020                FEHPropeller::Initialize()
 .text._ZN12FEHPropeller12SetMotorRateEhhh
                0x000120b4       0x78 Drivers\FEHPropeller.o
                0x000120b4                FEHPropeller::SetMotorRate(unsigned char, unsigned char, unsigned char)
 .text._ZL5Delaymjj
                0x0001212c       0xc4 Libraries\FEHUtility.o
 .text._Z5Sleepi
                0x000121f0       0x34 Libraries\FEHUtility.o
                0x000121f0                Sleep(int)
 *fill*         0x00012224        0x4 00
 .text._Z5Sleepd
                0x00012228       0x58 Libraries\FEHUtility.o
                0x00012228                Sleep(double)
 .text._Z7TimeNowv
                0x00012280       0x70 Libraries\FEHUtility.o
                0x00012280                TimeNow()
 .text._Z11TimeNowMSecv
                0x000122f0       0x44 Libraries\FEHUtility.o
                0x000122f0                TimeNowMSec()
 .text._ZN14DigitalEncoderC2EN5FEHIO8FEHIOPinE
                0x00012334       0x2c Libraries\FEHIO.o
                0x00012334                DigitalEncoder::DigitalEncoder(FEHIO::FEHIOPin)
                0x00012334                DigitalEncoder::DigitalEncoder(FEHIO::FEHIOPin)
 .text._Z10enable_irqi
                0x00012360      0x1cc Libraries\FEHIO.o
                0x00012360                enable_irq(int)
 .text._ZN14DigitalEncoder10InitializeEN5FEHIO8FEHIOPinENS0_21FEHIOInterruptTriggerE
                0x0001252c      0x224 Libraries\FEHIO.o
                0x0001252c                DigitalEncoder::Initialize(FEHIO::FEHIOPin, FEHIO::FEHIOInterruptTrigger)
 .text._Z9portB_isrv
                0x00012750       0xd4 Libraries\FEHIO.o
                0x00012750                portB_isr()
 .text._Z9portC_isrv
                0x00012824       0xd8 Libraries\FEHIO.o
                0x00012824                portC_isr()
 .text._Z9portA_isrv
                0x000128fc       0xd8 Libraries\FEHIO.o
                0x000128fc                portA_isr()
 .text._Z9portE_isrv
                0x000129d4       0xd0 Libraries\FEHIO.o
                0x000129d4                portE_isr()
 .text._ZN14DigitalEncoder6CountsEv
                0x00012aa4       0x28 Libraries\FEHIO.o
                0x00012aa4                DigitalEncoder::Counts()
 .text._ZN14DigitalEncoder11ResetCountsEv
                0x00012acc       0x28 Libraries\FEHIO.o
                0x00012acc                DigitalEncoder::ResetCounts()
 .text._ZN14AnalogInputPinC2EN5FEHIO8FEHIOPinE
                0x00012af4       0x20 Libraries\FEHIO.o
                0x00012af4                AnalogInputPin::AnalogInputPin(FEHIO::FEHIOPin)
                0x00012af4                AnalogInputPin::AnalogInputPin(FEHIO::FEHIOPin)
 *fill*         0x00012b14        0x4 00
 .text._ZN14AnalogInputPin5ValueEv
                0x00012b18      0x180 Libraries\FEHIO.o
                0x00012b18                AnalogInputPin::Value()
 .text._ZN13AnalogEncoder12EncoderValueEv
                0x00012c98       0xe4 Libraries\FEHIO.o
                0x00012c98                AnalogEncoder::EncoderValue()
 .text._ZN14AnalogInputPin8InitADCsEv
                0x00012d7c      0x120 Libraries\FEHIO.o
                0x00012d7c                AnalogInputPin::InitADCs()
 .text._Z8pit0_isrv
                0x00012e9c       0x34 Libraries\FEHIO.o
                0x00012e9c                pit0_isr()
 .text._ZN13AnalogEncoder4InitEv
                0x00012ed0       0x64 Libraries\FEHIO.o
                0x00012ed0                AnalogEncoder::Init()
 .text._ZN13AnalogEncoder14SetCounterInitEj
                0x00012f34       0x20 Libraries\FEHIO.o
                0x00012f34                AnalogEncoder::SetCounterInit(unsigned int)
 .text._ZN13AnalogEncoder10ProcessIntEv
                0x00012f54       0x80 Libraries\FEHIO.o
                0x00012f54                AnalogEncoder::ProcessInt()
 .text._ZN13AnalogEncoder14ProcessIntSelfEv
                0x00012fd4       0x80 Libraries\FEHIO.o
                0x00012fd4                AnalogEncoder::ProcessIntSelf()
 .text._Z7ADC_CalPV10ADC_MemMap
                0x00013054      0x14c Drivers\adc16.o
                0x00013054                ADC_Cal(ADC_MemMap volatile*)
 .text._Z14ADC_Config_AltPV10ADC_MemMapP7adc_cfg
                0x000131a0       0x6c Drivers\adc16.o
                0x000131a0                ADC_Config_Alt(ADC_MemMap volatile*, adc_cfg*)
 .text._ZN9FEHBuzzerC2Ev
                0x0001320c       0x18 Libraries\FEHBuzzer.o
                0x0001320c                FEHBuzzer::FEHBuzzer()
                0x0001320c                FEHBuzzer::FEHBuzzer()
 .text._Z41__static_initialization_and_destruction_0ii
                0x00013224       0x30 Libraries\FEHBuzzer.o
 .text._GLOBAL__sub_I_Buzzer
                0x00013254       0x14 Libraries\FEHBuzzer.o
 .text._ZN8FEHServoC2ENS_12FEHServoPortE
                0x00013268       0x3c Libraries\FEHServo.o
                0x00013268                FEHServo::FEHServo(FEHServo::FEHServoPort)
                0x00013268                FEHServo::FEHServo(FEHServo::FEHServoPort)
 .text._ZN8FEHServo6SetMinEi
                0x000132a4       0x3c Libraries\FEHServo.o
                0x000132a4                FEHServo::SetMin(int)
 .text._ZN8FEHServo6SetMaxEi
                0x000132e0       0x3c Libraries\FEHServo.o
                0x000132e0                FEHServo::SetMax(int)
 *fill*         0x0001331c        0x4 00
 .text._ZN8FEHServo9SetDegreeEf
                0x00013320      0x148 Libraries\FEHServo.o
                0x00013320                FEHServo::SetDegree(float)
 .text._ZN6FEHLCD11_InitializeEv
                0x00013468      0x5dc Libraries\FEHLCD.o
                0x00013468                FEHLCD::_Initialize()
 .text._ZN6FEHLCDC2Ev
                0x00013a44       0x64 Libraries\FEHLCD.o
                0x00013a44                FEHLCD::FEHLCD()
                0x00013a44                FEHLCD::FEHLCD()
 .text._ZN6FEHLCD10InitializeEv
                0x00013aa8       0x38 Libraries\FEHLCD.o
                0x00013aa8                FEHLCD::Initialize()
 .text._ZN6FEHLCD10PrintImageEii
                0x00013ae0      0x100 Libraries\FEHLCD.o
                0x00013ae0                FEHLCD::PrintImage(int, int)
 .text._ZN6FEHLCD9PrintLogoEii
                0x00013be0      0x100 Libraries\FEHLCD.o
                0x00013be0                FEHLCD::PrintLogo(int, int)
 .text._ZN6FEHLCD22ConvertFEHColorTo24BitENS_11FEHLCDColorE
                0x00013ce0       0x80 Libraries\FEHLCD.o
                0x00013ce0                FEHLCD::ConvertFEHColorTo24Bit(FEHLCD::FEHLCDColor)
 .text._ZN6FEHLCD24Convert24BitColorTo16BitEj
                0x00013d60       0x40 Libraries\FEHLCD.o
                0x00013d60                FEHLCD::Convert24BitColorTo16Bit(unsigned int)
 .text._ZN6FEHLCD22ConvertRGBColorTo16BitEhhh
                0x00013da0       0x44 Libraries\FEHLCD.o
                0x00013da0                FEHLCD::ConvertRGBColorTo16Bit(unsigned char, unsigned char, unsigned char)
 .text._ZN6FEHLCD5ClearENS_11FEHLCDColorE
                0x00013de4       0x28 Libraries\FEHLCD.o
                0x00013de4                FEHLCD::Clear(FEHLCD::FEHLCDColor)
 .text._ZN6FEHLCD5ClearEj
                0x00013e0c       0x2c Libraries\FEHLCD.o
                0x00013e0c                FEHLCD::Clear(unsigned int)
 .text._ZN6FEHLCD5ClearEv
                0x00013e38       0x18 Libraries\FEHLCD.o
                0x00013e38                FEHLCD::Clear()
 .text._ZN6FEHLCD18SetBackgroundColorENS_11FEHLCDColorE
                0x00013e50       0x28 Libraries\FEHLCD.o
                0x00013e50                FEHLCD::SetBackgroundColor(FEHLCD::FEHLCDColor)
 .text._ZN6FEHLCD18SetBackgroundColorEj
                0x00013e78       0x28 Libraries\FEHLCD.o
                0x00013e78                FEHLCD::SetBackgroundColor(unsigned int)
 .text._ZN6FEHLCD12SetFontColorENS_11FEHLCDColorE
                0x00013ea0       0x28 Libraries\FEHLCD.o
                0x00013ea0                FEHLCD::SetFontColor(FEHLCD::FEHLCDColor)
 .text._ZN6FEHLCD12SetFontColorEj
                0x00013ec8       0x28 Libraries\FEHLCD.o
                0x00013ec8                FEHLCD::SetFontColor(unsigned int)
 .text._ZN6FEHLCD7WriteAtEPKcii
                0x00013ef0       0x58 Libraries\FEHLCD.o
                0x00013ef0                FEHLCD::WriteAt(char const*, int, int)
 .text._ZN6FEHLCD7WriteAtEfii
                0x00013f48       0xf8 Libraries\FEHLCD.o
                0x00013f48                FEHLCD::WriteAt(float, int, int)
 .text._ZN6FEHLCD11TS_SPI_InitEv
                0x00014040       0xa8 Libraries\FEHLCD.o
                0x00014040                FEHLCD::TS_SPI_Init()
 .text._ZN6FEHLCD5TouchEPfS0_
                0x000140e8      0x240 Libraries\FEHLCD.o
                0x000140e8                FEHLCD::Touch(float*, float*)
 .text._ZN6FEHLCD3absEi
                0x00014328       0x28 Libraries\FEHLCD.o
                0x00014328                FEHLCD::abs(int)
 .text._ZN6FEHLCD7WriteRCEfii
                0x00014350       0x40 Libraries\FEHLCD.o
                0x00014350                FEHLCD::WriteRC(float, int, int)
 .text._ZN6FEHLCD5WriteEPKc
                0x00014390       0x5c Libraries\FEHLCD.o
                0x00014390                FEHLCD::Write(char const*)
 .text._ZN6FEHLCD5WriteEi
                0x000143ec       0x34 Libraries\FEHLCD.o
                0x000143ec                FEHLCD::Write(int)
 .text._ZN6FEHLCD5WriteEf
                0x00014420       0xdc Libraries\FEHLCD.o
                0x00014420                FEHLCD::Write(float)
 .text._ZN6FEHLCD5WriteEc
                0x000144fc       0x30 Libraries\FEHLCD.o
                0x000144fc                FEHLCD::Write(char)
 .text._ZN6FEHLCD9WriteLineEPKc
                0x0001452c       0x28 Libraries\FEHLCD.o
                0x0001452c                FEHLCD::WriteLine(char const*)
 .text._ZN6FEHLCD9WriteLineEi
                0x00014554       0x28 Libraries\FEHLCD.o
                0x00014554                FEHLCD::WriteLine(int)
 .text._ZN6FEHLCD9WriteLineEf
                0x0001457c       0x28 Libraries\FEHLCD.o
                0x0001457c                FEHLCD::WriteLine(float)
 .text._ZN6FEHLCD9WriteLineEc
                0x000145a4       0x2c Libraries\FEHLCD.o
                0x000145a4                FEHLCD::WriteLine(char)
 .text._ZN6FEHLCD10WriteIndexEh
                0x000145d0      0x288 Libraries\FEHLCD.o
                0x000145d0                FEHLCD::WriteIndex(unsigned char)
 .text._ZN6FEHLCD14WriteParameterEh
                0x00014858      0x254 Libraries\FEHLCD.o
                0x00014858                FEHLCD::WriteParameter(unsigned char)
 .text._ZN6FEHLCD6_ClearEv
                0x00014aac      0x228 Libraries\FEHLCD.o
                0x00014aac                FEHLCD::_Clear()
 .text._ZN6FEHLCD8NextLineEv
                0x00014cd4       0x30 Libraries\FEHLCD.o
                0x00014cd4                FEHLCD::NextLine()
 .text._ZN6FEHLCD9CheckLineEv
                0x00014d04       0x2c Libraries\FEHLCD.o
                0x00014d04                FEHLCD::CheckLine()
 .text._ZN6FEHLCD8NextCharEv
                0x00014d30       0x34 Libraries\FEHLCD.o
                0x00014d30                FEHLCD::NextChar()
 .text._ZN6FEHLCD9DrawPixelEii
                0x00014d64       0x30 Libraries\FEHLCD.o
                0x00014d64                FEHLCD::DrawPixel(int, int)
 .text._Z4SwapRiS_
                0x00014d94       0x28 Libraries\FEHLCD.o
                0x00014d94                Swap(int&, int&)
 .text._ZN6FEHLCD13DrawRectangleEiiii
                0x00014dbc       0x80 Libraries\FEHLCD.o
                0x00014dbc                FEHLCD::DrawRectangle(int, int, int, int)
 .text._ZN6FEHLCD13SetDrawRegionEiiii
                0x00014e3c      0x10c Libraries\FEHLCD.o
                0x00014e3c                FEHLCD::SetDrawRegion(int, int, int, int)
 .text._ZN6FEHLCD8DrawLineEiiii
                0x00014f48      0x17c Libraries\FEHLCD.o
                0x00014f48                FEHLCD::DrawLine(int, int, int, int)
 .text._ZN6FEHLCD9WriteCharEiic
                0x000150c4       0x40 Libraries\FEHLCD.o
                0x000150c4                FEHLCD::WriteChar(int, int, char)
 .text._ZN6FEHLCD11WriteCharAtEiic
                0x00015104      0x278 Libraries\FEHLCD.o
                0x00015104                FEHLCD::WriteCharAt(int, int, char)
 .text._ZN6FEHLCD11RepeatColorEv
                0x0001537c       0xbc Libraries\FEHLCD.o
                0x0001537c                FEHLCD::RepeatColor()
 .text._ZN6FEHLCD10_ForePixelEv
                0x00015438      0x160 Libraries\FEHLCD.o
                0x00015438                FEHLCD::_ForePixel()
 .text._ZN6FEHLCD10_BackPixelEv
                0x00015598      0x160 Libraries\FEHLCD.o
                0x00015598                FEHLCD::_BackPixel()
 .text._ZN6FEHLCD22SetRegisterColorValuesEv
                0x000156f8      0x4c0 Libraries\FEHLCD.o
                0x000156f8                FEHLCD::SetRegisterColorValues()
 .text._ZN7FEHIcon4IconC2Ev
                0x00015bb8       0x18 Libraries\FEHLCD.o
                0x00015bb8                FEHIcon::Icon::Icon()
                0x00015bb8                FEHIcon::Icon::Icon()
 .text._ZN7FEHIcon4Icon13SetPropertiesEPciiiijj
                0x00015bd0       0x70 Libraries\FEHLCD.o
                0x00015bd0                FEHIcon::Icon::SetProperties(char*, int, int, int, int, unsigned int, unsigned int)
 .text._ZN7FEHIcon4Icon4DrawEv
                0x00015c40       0xb0 Libraries\FEHLCD.o
                0x00015c40                FEHIcon::Icon::Draw()
 .text._ZN7FEHIcon4Icon6SelectEv
                0x00015cf0       0xb8 Libraries\FEHLCD.o
                0x00015cf0                FEHIcon::Icon::Select()
 .text._ZN7FEHIcon4Icon8DeselectEv
                0x00015da8       0xb4 Libraries\FEHLCD.o
                0x00015da8                FEHIcon::Icon::Deselect()
 .text._ZN7FEHIcon4Icon7PressedEffi
                0x00015e5c      0x1dc Libraries\FEHLCD.o
                0x00015e5c                FEHIcon::Icon::Pressed(float, float, int)
 .text._ZN7FEHIcon4Icon12WhilePressedEff
                0x00016038       0x5c Libraries\FEHLCD.o
                0x00016038                FEHIcon::Icon::WhilePressed(float, float)
 .text._ZN7FEHIcon13DrawIconArrayEPNS_4IconEiiiiiiPA20_cjj
                0x00016094      0x194 Libraries\FEHLCD.o
                0x00016094                FEHIcon::DrawIconArray(FEHIcon::Icon*, int, int, int, int, int, int, char (*) [20], unsigned int, unsigned int)
 .text._Z41__static_initialization_and_destruction_0ii
                0x00016228       0x30 Libraries\FEHLCD.o
 .text._GLOBAL__sub_I_image
                0x00016258       0x14 Libraries\FEHLCD.o
 .text._ZN8FEHAccelC2Ev
                0x0001626c       0x8c Libraries\FEHAccel.o
                0x0001626c                FEHAccel::FEHAccel()
                0x0001626c                FEHAccel::FEHAccel()
 .text._Z41__static_initialization_and_destruction_0ii
                0x000162f8       0x30 Libraries\FEHAccel.o
 .text._GLOBAL__sub_I_Accel
                0x00016328       0x14 Libraries\FEHAccel.o
 .text._ZN10FEHBatteryC2EN5FEHIO8FEHIOPinE
                0x0001633c       0x24 Libraries\FEHBattery.o
                0x0001633c                FEHBattery::FEHBattery(FEHIO::FEHIOPin)
                0x0001633c                FEHBattery::FEHBattery(FEHIO::FEHIOPin)
 .text._Z41__static_initialization_and_destruction_0ii
                0x00016360       0x34 Libraries\FEHBattery.o
 .text._GLOBAL__sub_I_Battery
                0x00016394       0x14 Libraries\FEHBattery.o
 .text._ZN7FEHXBeeC2Ev
                0x000163a8       0x20 Drivers\FEHXBee.o
                0x000163a8                FEHXBee::FEHXBee()
                0x000163a8                FEHXBee::FEHXBee()
 .text._ZN7FEHXBee10InitializeEv
                0x000163c8      0x148 Drivers\FEHXBee.o
                0x000163c8                FEHXBee::Initialize()
 .text._ZN7FEHXBee13IsInitializedEv
                0x00016510       0x18 Drivers\FEHXBee.o
                0x00016510                FEHXBee::IsInitialized()
 .text._ZN7FEHXBee17ReceiveDataSearchEPcjh
                0x00016528       0xb4 Drivers\FEHXBee.o
                0x00016528                FEHXBee::ReceiveDataSearch(char*, unsigned int, unsigned char)
 .text._ZN7FEHXBee8SendDataEPcj
                0x000165dc       0x50 Drivers\FEHXBee.o
                0x000165dc                FEHXBee::SendData(char*, unsigned int)
 .text._ZN7FEHXBee17SetPacketCallBackEPFvPhhE
                0x0001662c       0x20 Drivers\FEHXBee.o
                0x0001662c                FEHXBee::SetPacketCallBack(void (*)(unsigned char*, unsigned char))
 .text._Z9UART0_ISRv
                0x0001664c      0x174 Drivers\FEHXBee.o
                0x0001664c                UART0_ISR()
 .text._ZN6FEHRPSC2Ev
                0x000167c0       0x88 Libraries\FEHRPS.o
                0x000167c0                FEHRPS::FEHRPS()
                0x000167c0                FEHRPS::FEHRPS()
 .text._ZN6FEHRPS10InitializeEi
                0x00016848      0x994 Libraries\FEHRPS.o
                0x00016848                FEHRPS::Initialize(int)
 .text._ZN6FEHRPS10InitializeEc
                0x000171dc       0x4c Libraries\FEHRPS.o
                0x000171dc                FEHRPS::Initialize(char)
 .text._ZN6FEHRPS19InitializeTouchMenuEv
                0x00017228      0x908 Libraries\FEHRPS.o
                0x00017228                FEHRPS::InitializeTouchMenu()
 .text._ZN6FEHRPS19CurrentRegionLetterEv
                0x00017b30       0x20 Libraries\FEHRPS.o
                0x00017b30                FEHRPS::CurrentRegionLetter()
 .text._ZN6FEHRPS13WaitForPacketEv
                0x00017b50       0x78 Libraries\FEHRPS.o
                0x00017b50                FEHRPS::WaitForPacket()
 .text._ZN6FEHRPS1XEv
                0x00017bc8       0x20 Libraries\FEHRPS.o
                0x00017bc8                FEHRPS::X()
 .text._ZN6FEHRPS1YEv
                0x00017be8       0x20 Libraries\FEHRPS.o
                0x00017be8                FEHRPS::Y()
 .text._ZN6FEHRPS7HeadingEv
                0x00017c08       0x20 Libraries\FEHRPS.o
                0x00017c08                FEHRPS::Heading()
 .text._Z14RPSDataProcessPhh
                0x00017c28      0x164 Libraries\FEHRPS.o
                0x00017c28                RPSDataProcess(unsigned char*, unsigned char)
 .text._Z41__static_initialization_and_destruction_0ii
                0x00017d8c       0x30 Libraries\FEHRPS.o
 .text._GLOBAL__sub_I_RPS
                0x00017dbc       0x14 Libraries\FEHRPS.o
 .text._ZN5FEHSDC2Ev
                0x00017dd0       0x24 Libraries\FEHSD.o
                0x00017dd0                FEHSD::FEHSD()
                0x00017dd0                FEHSD::FEHSD()
 .text._ZN5FEHSD8CloseLogEv
                0x00017df4       0x38 Libraries\FEHSD.o
                0x00017df4                FEHSD::CloseLog()
 .text._Z41__static_initialization_and_destruction_0ii
                0x00017e2c       0x30 Libraries\FEHSD.o
 .text._GLOBAL__sub_I_SD
                0x00017e5c       0x14 Libraries\FEHSD.o
 .text.sprintf  0x00017e70       0x1c C:\fehqt\Proteus/EWL/lib/armv7e-m\libc.a(sprintf.o)
                0x00017e70                sprintf
 .text.__StringWrite
                0x00017e8c       0x28 C:\fehqt\Proteus/EWL/lib/armv7e-m\libc.a(vsnprintf.o)
                0x00017e8c                __StringWrite
 .text.vsnprintf
                0x00017eb4       0x34 C:\fehqt\Proteus/EWL/lib/armv7e-m\libc.a(vsnprintf.o)
                0x00017eb4                vsnprintf
 .text.exit     0x00017ee8       0x38 C:\fehqt\Proteus/EWL/lib/armv7e-m\libc.a(exit.o)
                0x00017ee8                exit
 .text.memcpy   0x00017f20       0x12 C:\fehqt\Proteus/EWL/lib/armv7e-m\libc.a(memcpy.o)
                0x00017f20                memcpy
 .text.memset   0x00017f32        0xc C:\fehqt\Proteus/EWL/lib/armv7e-m\libc.a(memset.o)
                0x00017f32                memset
 .text.strcpy   0x00017f3e       0x18 C:\fehqt\Proteus/EWL/lib/armv7e-m\libc.a(strcpy.o)
                0x00017f3e                strcpy
 .text.strlen   0x00017f56       0x10 C:\fehqt\Proteus/EWL/lib/armv7e-m\libc.a(strlen.o)
                0x00017f56                strlen
 .text.long2str.isra.0
                0x00017f66      0x196 C:\fehqt\Proteus/EWL/lib/armv7e-m\libc.a(printformat_.o)
 .text.__pformatter_
                0x000180fc      0x3f8 C:\fehqt\Proteus/EWL/lib/armv7e-m\libc.a(printformat_.o)
                0x000180fc                __pformatter_
 .text.__sformatter
                0x000184f4      0x74e C:\fehqt\Proteus/EWL/lib/armv7e-m\libc.a(scanformat_.o)
                0x000184f4                __sformatter
 *fill*         0x00018c42        0x2 00
 .text.isalpha  0x00018c44       0x1c C:\fehqt\Proteus/EWL/lib/armv7e-m\libc.a(ctype_aeabi.o)
                0x00018c44                isalpha
 .text.isspace  0x00018c60       0x1c C:\fehqt\Proteus/EWL/lib/armv7e-m\libc.a(ctype_aeabi.o)
                0x00018c60                isspace
 .text.toupper  0x00018c7c        0xc C:\fehqt\Proteus/EWL/lib/armv7e-m\libc.a(ctype_aeabi.o)
                0x00018c7c                toupper
 .text.__strtoul
                0x00018c88      0x1dc C:\fehqt\Proteus/EWL/lib/armv7e-m\libc.a(__strtoul.o)
                0x00018c88                __strtoul
 .text.__fill_mem
                0x00018e64       0x76 C:\fehqt\Proteus/EWL/lib/armv7e-m\libc.a(__filll_mem.o)
                0x00018e64                __fill_mem
 .text.memchr   0x00018eda       0x1a C:\fehqt\Proteus/EWL/lib/armv7e-m\libc.a(memchr.o)
                0x00018eda                memchr
 .text.strchr   0x00018ef4       0x1c C:\fehqt\Proteus/EWL/lib/armv7e-m\libc.a(strchr.o)
                0x00018ef4                strchr
 .text.__init_cpp
                0x00018f10       0x4c C:\fehqt\Proteus/EWL/lib/armv7e-m\librt.a(gcc_ctor_dtor.o)
                0x00018f10                __init_cpp
 .text.__fini_cpp
                0x00018f5c       0x34 C:\fehqt\Proteus/EWL/lib/armv7e-m\librt.a(gcc_ctor_dtor.o)
                0x00018f5c                __fini_cpp
 .text.__copy_rom_section
                0x00018f90       0x44 C:\fehqt\Proteus/EWL/lib/armv7e-m\librt.a(ROMCopy.o)
                0x00018f90                __copy_rom_section
 .text.__copy_rom_sections_to_ram
                0x00018fd4       0x34 C:\fehqt\Proteus/EWL/lib/armv7e-m\librt.a(ROMCopy.o)
                0x00018fd4                __copy_rom_sections_to_ram
 .text.__destroy_global_chain
                0x00019008       0x1c C:\fehqt\Proteus/EWL/lib/armv7e-m\librt.a(__arm_eabi_init.o)
                0x00019008                __destroy_global_chain
 .text.__init_registers
                0x00019024       0x20 C:\fehqt\Proteus/EWL/lib/armv7e-m\librt.a(__arm_eabi_init.o)
                0x00019024                __init_registers
 .text.__init_user
                0x00019044        0x4 C:\fehqt\Proteus/EWL/lib/armv7e-m\librt.a(__arm_eabi_init.o)
                0x00019044                __init_user
 *(.rodata)
 .rodata        0x00019048       0xf4 ..\main.o
 .rodata        0x0001913c       0x78 Libraries\FEHIO.o
 .rodata        0x000191b4       0x34 Libraries\FEHLCD.o
 .rodata        0x000191e8      0x238 Libraries\FEHRPS.o
 *(.rodata*)
 .rodata.K60_SDHC0_init
                0x00019420        0xc Drivers\SDHC.o
                0x00019420                K60_SDHC0_init
 .rodata._ZL21ESDHC_COMMAND_XFERTYP
                0x0001942c      0x100 Drivers\SDHC.o
 .rodata._ZL9GPIOPorts
                0x0001952c       0x20 Libraries\FEHIO.o
 .rodata._ZL10ADCNumbers
                0x0001954c       0x24 Libraries\FEHIO.o
 .rodata._ZL14GPIOPinNumbers
                0x00019570       0x80 Libraries\FEHIO.o
 .rodata._ZL16AnalogPinNumbers
                0x000195f0       0x84 Libraries\FEHIO.o
 .rodata.str1.1
                0x00019674        0x1 C:\fehqt\Proteus/EWL/lib/armv7e-m\libc.a(printformat_.o)
 .rodata.__aeabi_ctype_table_C
                0x00019675      0x101 C:\fehqt\Proteus/EWL/lib/armv7e-m\libc.a(ctype_aeabi.o)
                0x00019675                __aeabi_ctype_table_C
 *(.glue_7)
 .glue_7        0x00000000        0x0 linker stubs
 *(.glue_7t)
 .glue_7t       0x00000000        0x0 linker stubs
 *(.eh_frame)
 *(.init)
 *(.fini)
                0x00019778                . = ALIGN (0x4)
 *fill*         0x00019776        0x2 00
                0x00019778                _etext = .

.vfp11_veneer   0x00019778        0x0
 .vfp11_veneer  0x00000000        0x0 linker stubs

.v4_bx          0x00019778        0x0
 .v4_bx         0x00000000        0x0 linker stubs

.ARM.extab
 *(.ARM.extab* .gnu.linkonce.armextab.*)

.ARM            0x00019778        0x0
                0x00019778                __exidx_start = .
 *(.ARM.exidx*)
                0x00019778                __exidx_end = .

.ctors          0x00019778        0x0
                0x00019778                __CTOR_LIST__ = .
 *crtbegin.o(.ctors)
 *(EXCLUDE_FILE(*crtend.o) .ctors)
 *(SORT(.ctors.*))
 *(.ctors)
                0x00019778                __CTOR_END__ = .

.dtors          0x00019778        0x0
                0x00019778                __DTOR_LIST__ = .
 *crtbegin.o(.dtors)
 *(EXCLUDE_FILE(*crtend.o) .dtors)
 *(SORT(.dtors.*))
 *(.dtors)
                0x00019778                __DTOR_END__ = .

.preinit_array  0x00019778        0x0
                0x00019778                PROVIDE (__preinit_array_start, .)
 *(.preinit_array*)
                0x00019778                PROVIDE (__preinit_array_end, .)

.init_array     0x00019778       0x20
                0x00019778                PROVIDE (__init_array_start, .)
 *(SORT(.init_array.*))
 *(.init_array*)
 .init_array    0x00019778        0x4 ..\main.o
 .init_array    0x0001977c        0x4 FEHProteus.o
 .init_array    0x00019780        0x4 Libraries\FEHBuzzer.o
 .init_array    0x00019784        0x4 Libraries\FEHLCD.o
 .init_array    0x00019788        0x4 Libraries\FEHAccel.o
 .init_array    0x0001978c        0x4 Libraries\FEHBattery.o
 .init_array    0x00019790        0x4 Libraries\FEHRPS.o
 .init_array    0x00019794        0x4 Libraries\FEHSD.o
                0x00019798                PROVIDE (__init_array_end, .)

.fini_array     0x00019798        0x0
                0x00019798                PROVIDE (__fini_array_start, .)
 *(SORT(.fini_array.*))
 *(.fini_array*)
                0x00019798                PROVIDE (__fini_array_end, .)
                0x00019798                ___ROM_AT = .

.data           0x1fff0400      0xd1c load address 0x00019798
                0x1fff0400                . = ALIGN (0x4)
                0x1fff0400                _sdata = .
 *(.data)
 *(.data*)
 .data._ZL4Stat
                0x1fff0400        0x1 Drivers\SDHC.o
 *fill*         0x1fff0401        0x3 00
 .data.image    0x1fff0404      0x750 Libraries\FEHLCD.o
                0x1fff0404                image
 .data.logo     0x1fff0b54      0x3e8 Libraries\FEHLCD.o
                0x1fff0b54                logo
 .data._ZN6FEHLCD8fontDataE
                0x1fff0f3c      0x1e0 Libraries\FEHLCD.o
                0x1fff0f3c                FEHLCD::fontData
                0x1fff111c                . = ALIGN (0x4)
                0x1fff111c                _edata = .
                0x00000d1c                ___data_size = (_edata - _sdata)
                0x0001a4b4                ___m_data2_ROMStart = (___ROM_AT + SIZEOF (.data))

.user_data2     0x20000000        0x0 load address 0x0001a4b4
                0x20000000                . = ALIGN (0x4)
                0x20000000                ___m_data2_RAMStart = .
 *(.data2)
                0x20000000                ___m_data2_RAMEnd = .
                0x20000000                . = ALIGN (0x4)
                0x00000000                ___m_data2_ROMSize = (___m_data2_RAMEnd - ___m_data2_RAMStart)
                0x20000000                . = ALIGN (0x4)

.bss            0x1fff111c      0x5fc load address 0x0001a4b4
                0x1fff111c                __START_BSS = .
                0x1fff111c                PROVIDE (__bss_start__, __START_BSS)
 *(.bss)
 *(.bss*)
 .bss.X_coord   0x1fff111c        0x4 ..\main.o
                0x1fff111c                X_coord
 .bss.Y_coord   0x1fff1120        0x4 ..\main.o
                0x1fff1120                Y_coord
 .bss.lever_servo
                0x1fff1124        0xc ..\main.o
                0x1fff1124                lever_servo
 .bss.token_servo
                0x1fff1130        0xc ..\main.o
                0x1fff1130                token_servo
 .bss.fl_encoder
                0x1fff113c        0x4 ..\main.o
                0x1fff113c                fl_encoder
 .bss.br_encoder
                0x1fff1140        0x4 ..\main.o
                0x1fff1140                br_encoder
 .bss.bl_motor  0x1fff1144        0x8 ..\main.o
                0x1fff1144                bl_motor
 .bss.fr_motor  0x1fff114c        0x8 ..\main.o
                0x1fff114c                fr_motor
 .bss.fl_motor  0x1fff1154        0x8 ..\main.o
                0x1fff1154                fl_motor
 .bss.br_motor  0x1fff115c        0x8 ..\main.o
                0x1fff115c                br_motor
 .bss.cds       0x1fff1164        0x4 ..\main.o
                0x1fff1164                cds
 .bss._ZL4argv  0x1fff1168        0x4 Startup\__arm_start.o
 .bss.MasterTransmission
                0x1fff116c        0x1 Drivers\i2c.o
                0x1fff116c                MasterTransmission
 .bss.SlaveID   0x1fff116d        0x1 Drivers\i2c.o
                0x1fff116d                SlaveID
 *fill*         0x1fff116e        0x2 00
 .bss.SDHC_Card
                0x1fff1170       0x14 Drivers\SDHC.o
                0x1fff1170                SDHC_Card
 .bss.SDHC_Info
                0x1fff1184      0x204 Drivers\SDHC.o
                0x1fff1184                SDHC_Info
 .bss.SDHC_Device
                0x1fff1388        0x8 Drivers\SDHC.o
                0x1fff1388                SDHC_Device
 .bss.Propeller
                0x1fff1390        0x4 FEHProteus.o
                0x1fff1390                Propeller
 .bss.CoreClockKHz
                0x1fff1394        0x4 FEHProteus.o
                0x1fff1394                CoreClockKHz
 .bss.CoreClockMHz
                0x1fff1398        0x4 FEHProteus.o
                0x1fff1398                CoreClockMHz
 .bss.PeripheralClockKHz
                0x1fff139c        0x4 FEHProteus.o
                0x1fff139c                PeripheralClockKHz
 .bss._ZN14AnalogInputPin17Master_Adc_ConfigE
                0x1fff13a0       0x10 Libraries\FEHIO.o
                0x1fff13a0                AnalogInputPin::Master_Adc_Config
 .bss._ZN14AnalogInputPin18Encoder_Adc_ConfigE
                0x1fff13b0       0x10 Libraries\FEHIO.o
                0x1fff13b0                AnalogInputPin::Encoder_Adc_Config
 .bss.interrupt_counts
                0x1fff13c0       0x80 Libraries\FEHIO.o
                0x1fff13c0                interrupt_counts
 .bss._ZN13AnalogEncoder7pinListE
                0x1fff1440        0x4 Libraries\FEHIO.o
                0x1fff1440                AnalogEncoder::pinList
 .bss.__interrupt_counter
                0x1fff1444        0x4 Libraries\FEHIO.o
                0x1fff1444                __interrupt_counter
 .bss.Buzzer    0x1fff1448        0x4 Libraries\FEHBuzzer.o
                0x1fff1448                Buzzer
 .bss.LCD       0x1fff144c       0x44 Libraries\FEHLCD.o
                0x1fff144c                LCD
 .bss.initialized
                0x1fff1490        0x1 Libraries\FEHLCD.o
                0x1fff1490                initialized
 *fill*         0x1fff1491        0x3 00
 .bss.Accel     0x1fff1494        0x4 Libraries\FEHAccel.o
                0x1fff1494                Accel
 .bss.Battery   0x1fff1498        0x4 Libraries\FEHBattery.o
                0x1fff1498                Battery
 .bss.XBeeDataProcess
                0x1fff149c        0x4 Drivers\FEHXBee.o
                0x1fff149c                XBeeDataProcess
 .bss._xbeebuffer
                0x1fff14a0       0x10 Drivers\FEHXBee.o
                0x1fff14a0                _xbeebuffer
 .bss._xbeebufferindex
                0x1fff14b0        0x1 Drivers\FEHXBee.o
                0x1fff14b0                _xbeebufferindex
 .bss._xbeestate
                0x1fff14b1        0x1 Drivers\FEHXBee.o
                0x1fff14b1                _xbeestate
 .bss._xbeebytereceived
                0x1fff14b2        0x1 Drivers\FEHXBee.o
                0x1fff14b2                _xbeebytereceived
 .bss._xbeebyte
                0x1fff14b3        0x1 Drivers\FEHXBee.o
                0x1fff14b3                _xbeebyte
 .bss.RPS       0x1fff14b4        0x8 Libraries\FEHRPS.o
                0x1fff14b4                RPS
 .bss._enabled  0x1fff14bc        0x1 Libraries\FEHRPS.o
                0x1fff14bc                _enabled
 *fill*         0x1fff14bd        0x3 00
 .bss._RPS_x    0x1fff14c0        0x4 Libraries\FEHRPS.o
                0x1fff14c0                _RPS_x
 .bss._RPS_y    0x1fff14c4        0x4 Libraries\FEHRPS.o
                0x1fff14c4                _RPS_y
 .bss._RPS_heading
                0x1fff14c8        0x4 Libraries\FEHRPS.o
                0x1fff14c8                _RPS_heading
 .bss._RPS_objective
                0x1fff14cc        0x4 Libraries\FEHRPS.o
                0x1fff14cc                _RPS_objective
 .bss._RPS_time
                0x1fff14d0        0x1 Libraries\FEHRPS.o
                0x1fff14d0                _RPS_time
 .bss._RPS_stop
                0x1fff14d1        0x1 Libraries\FEHRPS.o
                0x1fff14d1                _RPS_stop
 .bss._RPS_foundpacket
                0x1fff14d2        0x1 Libraries\FEHRPS.o
                0x1fff14d2                _RPS_foundpacket
 *fill*         0x1fff14d3        0x1 00
 .bss.SD        0x1fff14d4        0x4 Libraries\FEHSD.o
                0x1fff14d4                SD
 .bss.logfil    0x1fff14d8      0x228 Libraries\FEHSD.o
                0x1fff14d8                logfil
 .bss.__stdio_exit
                0x1fff1700        0x4 C:\fehqt\Proteus/EWL/lib/armv7e-m\libc.a(exit.o)
                0x1fff1700                __stdio_exit
 .bss.__console_exit
                0x1fff1704        0x4 C:\fehqt\Proteus/EWL/lib/armv7e-m\libc.a(exit.o)
                0x1fff1704                __console_exit
 .bss.__S_romp  0x1fff1708        0xc C:\fehqt\Proteus/EWL/lib/armv7e-m\librt.a(ROMCopy.o)
 .bss.__global_destructor_chain
                0x1fff1714        0x4 C:\fehqt\Proteus/EWL/lib/armv7e-m\librt.a(__arm_eabi_init.o)
                0x1fff1714                __global_destructor_chain
 *(COMMON)
                0x1fff1718                . = ALIGN (0x4)
                0x1fff1718                __END_BSS = .
                0x1fff1718                PROVIDE (__bss_end__, __END_BSS)

._user_heap_stack
                0x1fff1718     0x1000 load address 0x0001aab0
                0x1fff1718                . = ALIGN (0x4)
                0x1fff1718                PROVIDE (end, .)
                0x1fff1718                PROVIDE (_end, .)
                0x1fff1718                __heap_addr = .
                0x1fff1f18                . = (. + __heap_size)
 *fill*         0x1fff1718      0x800 00
                0x1fff2718                . = (. + __stack_size)
 *fill*         0x1fff1f18      0x800 00
                0x1fff2718                . = ALIGN (0x4)
                0x0001a4b4                _romp_at = ((___ROM_AT + SIZEOF (.data)) + SIZEOF (.user_data2))

.romp           0x20000000       0x24 load address 0x0001a4b4
                0x0001a4b4                __S_romp = _romp_at
                0x20000000        0x4 LONG 0x19798 ___ROM_AT
                0x20000004        0x4 LONG 0x1fff0400 _sdata
                0x20000008        0x4 LONG 0xd1c ___data_size
                0x2000000c        0x4 LONG 0x1a4b4 ___m_data2_ROMStart
                0x20000010        0x4 LONG 0x20000000 ___m_data2_RAMStart
                0x20000014        0x4 LONG 0x0 ___m_data2_ROMSize
                0x20000018        0x4 LONG 0x0
                0x2000001c        0x4 LONG 0x0
                0x20000020        0x4 LONG 0x0

.ARM.attributes
                0x00000000       0x33
 *(.ARM.attributes)
 .ARM.attributes
                0x00000000       0x33 ..\main.o
 .ARM.attributes
                0x00000033       0x33 Startup\__arm_start.o
 .ARM.attributes
                0x00000066       0x33 Startup\__arm_end.o
 .ARM.attributes
                0x00000099       0x33 Startup\kinetis_sysinit.o
 .ARM.attributes
                0x000000cc       0x33 Libraries\FEHMotor.o
 .ARM.attributes
                0x000000ff       0x33 Drivers\i2c.o
 .ARM.attributes
                0x00000132       0x33 Drivers\spi.o
 .ARM.attributes
                0x00000165       0x33 Drivers\uart.o
 .ARM.attributes
                0x00000198       0x33 Drivers\ff.o
 .ARM.attributes
                0x000001cb       0x33 Drivers\SDHC.o
 .ARM.attributes
                0x000001fe       0x33 Drivers\lptmr.o
 .ARM.attributes
                0x00000231       0x33 FEHProteus.o
 .ARM.attributes
                0x00000264       0x33 Drivers\FEHPropeller.o
 .ARM.attributes
                0x00000297       0x33 Libraries\FEHUtility.o
 .ARM.attributes
                0x000002ca       0x33 Libraries\FEHIO.o
 .ARM.attributes
                0x000002fd       0x33 Drivers\adc16.o
 .ARM.attributes
                0x00000330       0x33 Libraries\FEHBuzzer.o
 .ARM.attributes
                0x00000363       0x33 Libraries\FEHServo.o
 .ARM.attributes
                0x00000396       0x33 Libraries\FEHLCD.o
 .ARM.attributes
                0x000003c9       0x33 Libraries\FEHAccel.o
 .ARM.attributes
                0x000003fc       0x33 Libraries\FEHBattery.o
 .ARM.attributes
                0x0000042f       0x33 Drivers\FEHXBee.o
 .ARM.attributes
                0x00000462       0x33 Libraries\FEHRPS.o
 .ARM.attributes
                0x00000495       0x33 Libraries\FEHSD.o
 .ARM.attributes
                0x000004c8       0x33 C:\fehqt\Proteus/EWL/lib/armv7e-m\libc.a(sprintf.o)
 .ARM.attributes
                0x000004fb       0x33 C:\fehqt\Proteus/EWL/lib/armv7e-m\libc.a(vsnprintf.o)
 .ARM.attributes
                0x0000052e       0x33 C:\fehqt\Proteus/EWL/lib/armv7e-m\libc.a(exit.o)
 .ARM.attributes
                0x00000561       0x33 C:\fehqt\Proteus/EWL/lib/armv7e-m\libc.a(memcpy.o)
 .ARM.attributes
                0x00000594       0x33 C:\fehqt\Proteus/EWL/lib/armv7e-m\libc.a(memset.o)
 .ARM.attributes
                0x000005c7       0x33 C:\fehqt\Proteus/EWL/lib/armv7e-m\libc.a(strcpy.o)
 .ARM.attributes
                0x000005fa       0x33 C:\fehqt\Proteus/EWL/lib/armv7e-m\libc.a(strlen.o)
 .ARM.attributes
                0x0000062d       0x33 C:\fehqt\Proteus/EWL/lib/armv7e-m\libc.a(printformat_.o)
 .ARM.attributes
                0x00000660       0x33 C:\fehqt\Proteus/EWL/lib/armv7e-m\libc.a(scanformat_.o)
 .ARM.attributes
                0x00000693       0x33 C:\fehqt\Proteus/EWL/lib/armv7e-m\libc.a(ctype_aeabi.o)
 .ARM.attributes
                0x000006c6       0x33 C:\fehqt\Proteus/EWL/lib/armv7e-m\libc.a(__strtoul.o)
 .ARM.attributes
                0x000006f9       0x33 C:\fehqt\Proteus/EWL/lib/armv7e-m\libc.a(__filll_mem.o)
 .ARM.attributes
                0x0000072c       0x33 C:\fehqt\Proteus/EWL/lib/armv7e-m\libc.a(memchr.o)
 .ARM.attributes
                0x0000075f       0x33 C:\fehqt\Proteus/EWL/lib/armv7e-m\libc.a(strchr.o)
 .ARM.attributes
                0x00000792       0x1e c:/fehqt/proteus/gcc/bin/../lib/gcc/arm-none-eabi/4.6.2/armv7e-m\libgcc.a(_arm_addsubdf3.o)
 .ARM.attributes
                0x000007b0       0x1e c:/fehqt/proteus/gcc/bin/../lib/gcc/arm-none-eabi/4.6.2/armv7e-m\libgcc.a(_arm_muldivdf3.o)
 .ARM.attributes
                0x000007ce       0x1e c:/fehqt/proteus/gcc/bin/../lib/gcc/arm-none-eabi/4.6.2/armv7e-m\libgcc.a(_arm_cmpdf2.o)
 .ARM.attributes
                0x000007ec       0x1e c:/fehqt/proteus/gcc/bin/../lib/gcc/arm-none-eabi/4.6.2/armv7e-m\libgcc.a(_arm_fixdfsi.o)
 .ARM.attributes
                0x0000080a       0x1e c:/fehqt/proteus/gcc/bin/../lib/gcc/arm-none-eabi/4.6.2/armv7e-m\libgcc.a(_arm_fixunsdfsi.o)
 .ARM.attributes
                0x00000828       0x1e c:/fehqt/proteus/gcc/bin/../lib/gcc/arm-none-eabi/4.6.2/armv7e-m\libgcc.a(_arm_truncdfsf2.o)
 .ARM.attributes
                0x00000846       0x1e c:/fehqt/proteus/gcc/bin/../lib/gcc/arm-none-eabi/4.6.2/armv7e-m\libgcc.a(_arm_addsubsf3.o)
 .ARM.attributes
                0x00000864       0x1e c:/fehqt/proteus/gcc/bin/../lib/gcc/arm-none-eabi/4.6.2/armv7e-m\libgcc.a(_arm_muldivsf3.o)
 .ARM.attributes
                0x00000882       0x1e c:/fehqt/proteus/gcc/bin/../lib/gcc/arm-none-eabi/4.6.2/armv7e-m\libgcc.a(_arm_cmpsf2.o)
 .ARM.attributes
                0x000008a0       0x1e c:/fehqt/proteus/gcc/bin/../lib/gcc/arm-none-eabi/4.6.2/armv7e-m\libgcc.a(_arm_fixsfsi.o)
 .ARM.attributes
                0x000008be       0x33 C:\fehqt\Proteus/EWL/lib/armv7e-m\librt.a(gcc_ctor_dtor.o)
 .ARM.attributes
                0x000008f1       0x33 C:\fehqt\Proteus/EWL/lib/armv7e-m\librt.a(ROMCopy.o)
 .ARM.attributes
                0x00000924       0x33 C:\fehqt\Proteus/EWL/lib/armv7e-m\librt.a(__arm_eabi_init.o)
OUTPUT(../FinalCode.elf elf32-littlearm)

.debug_info     0x00000000    0x150a4
 .debug_info    0x00000000     0x190b ..\main.o
 .debug_info    0x0000190b     0x12c5 Startup\__arm_start.o
 .debug_info    0x00002bd0       0x58 Startup\__arm_end.o
 .debug_info    0x00002c28      0x61c Startup\kinetis_sysinit.o
 .debug_info    0x00003244      0x335 Libraries\FEHMotor.o
 .debug_info    0x00003579      0x250 Drivers\i2c.o
 .debug_info    0x000037c9      0x6cf Drivers\spi.o
 .debug_info    0x00003e98      0x59c Drivers\uart.o
 .debug_info    0x00004434     0x1da0 Drivers\ff.o
 .debug_info    0x000061d4      0xf1d Drivers\SDHC.o
 .debug_info    0x000070f1      0x2de Drivers\lptmr.o
 .debug_info    0x000073cf      0x1a7 FEHProteus.o
 .debug_info    0x00007576      0x722 Drivers\FEHPropeller.o
 .debug_info    0x00007c98      0x36c Libraries\FEHUtility.o
 .debug_info    0x00008004     0x1c6a Libraries\FEHIO.o
 .debug_info    0x00009c6e      0x4ab Drivers\adc16.o
 .debug_info    0x0000a119      0xa42 Libraries\FEHBuzzer.o
 .debug_info    0x0000ab5b     0x1500 Libraries\FEHServo.o
 .debug_info    0x0000c05b     0x2c25 Libraries\FEHLCD.o
 .debug_info    0x0000ec80      0x26a Libraries\FEHAccel.o
 .debug_info    0x0000eeea      0x3a9 Libraries\FEHBattery.o
 .debug_info    0x0000f293      0xac3 Drivers\FEHXBee.o
 .debug_info    0x0000fd56     0x1b23 Libraries\FEHRPS.o
 .debug_info    0x00011879     0x16c8 Libraries\FEHSD.o
 .debug_info    0x00012f41      0x11f C:\fehqt\Proteus/EWL/lib/armv7e-m\libc.a(sprintf.o)
 .debug_info    0x00013060      0x206 C:\fehqt\Proteus/EWL/lib/armv7e-m\libc.a(vsnprintf.o)
 .debug_info    0x00013266      0x103 C:\fehqt\Proteus/EWL/lib/armv7e-m\libc.a(exit.o)
 .debug_info    0x00013369      0x113 C:\fehqt\Proteus/EWL/lib/armv7e-m\libc.a(memcpy.o)
 .debug_info    0x0001347c       0xf4 C:\fehqt\Proteus/EWL/lib/armv7e-m\libc.a(memset.o)
 .debug_info    0x00013570      0x10a C:\fehqt\Proteus/EWL/lib/armv7e-m\libc.a(strcpy.o)
 .debug_info    0x0001367a       0xf3 C:\fehqt\Proteus/EWL/lib/armv7e-m\libc.a(strlen.o)
 .debug_info    0x0001376d      0x512 C:\fehqt\Proteus/EWL/lib/armv7e-m\libc.a(printformat_.o)
 .debug_info    0x00013c7f      0x564 C:\fehqt\Proteus/EWL/lib/armv7e-m\libc.a(scanformat_.o)
 .debug_info    0x000141e3      0x32a C:\fehqt\Proteus/EWL/lib/armv7e-m\libc.a(ctype_aeabi.o)
 .debug_info    0x0001450d      0x1d7 C:\fehqt\Proteus/EWL/lib/armv7e-m\libc.a(__strtoul.o)
 .debug_info    0x000146e4      0x13d C:\fehqt\Proteus/EWL/lib/armv7e-m\libc.a(__filll_mem.o)
 .debug_info    0x00014821      0x129 C:\fehqt\Proteus/EWL/lib/armv7e-m\libc.a(memchr.o)
 .debug_info    0x0001494a      0x110 C:\fehqt\Proteus/EWL/lib/armv7e-m\libc.a(strchr.o)
 .debug_info    0x00014a5a      0x1c0 C:\fehqt\Proteus/EWL/lib/armv7e-m\librt.a(gcc_ctor_dtor.o)
 .debug_info    0x00014c1a      0x1b8 C:\fehqt\Proteus/EWL/lib/armv7e-m\librt.a(ROMCopy.o)
 .debug_info    0x00014dd2      0x2d2 C:\fehqt\Proteus/EWL/lib/armv7e-m\librt.a(__arm_eabi_init.o)

.debug_abbrev   0x00000000     0x3f37
 .debug_abbrev  0x00000000      0x37f ..\main.o
 .debug_abbrev  0x0000037f      0x28f Startup\__arm_start.o
 .debug_abbrev  0x0000060e       0x45 Startup\__arm_end.o
 .debug_abbrev  0x00000653      0x1c3 Startup\kinetis_sysinit.o
 .debug_abbrev  0x00000816      0x18c Libraries\FEHMotor.o
 .debug_abbrev  0x000009a2       0xfc Drivers\i2c.o
 .debug_abbrev  0x00000a9e      0x18b Drivers\spi.o
 .debug_abbrev  0x00000c29      0x15f Drivers\uart.o
 .debug_abbrev  0x00000d88      0x18f Drivers\ff.o
 .debug_abbrev  0x00000f17      0x223 Drivers\SDHC.o
 .debug_abbrev  0x0000113a       0xd2 Drivers\lptmr.o
 .debug_abbrev  0x0000120c      0x101 FEHProteus.o
 .debug_abbrev  0x0000130d      0x1c6 Drivers\FEHPropeller.o
 .debug_abbrev  0x000014d3      0x154 Libraries\FEHUtility.o
 .debug_abbrev  0x00001627      0x448 Libraries\FEHIO.o
 .debug_abbrev  0x00001a6f      0x12a Drivers\adc16.o
 .debug_abbrev  0x00001b99      0x1da Libraries\FEHBuzzer.o
 .debug_abbrev  0x00001d73      0x312 Libraries\FEHServo.o
 .debug_abbrev  0x00002085      0x38c Libraries\FEHLCD.o
 .debug_abbrev  0x00002411      0x13b Libraries\FEHAccel.o
 .debug_abbrev  0x0000254c      0x1cb Libraries\FEHBattery.o
 .debug_abbrev  0x00002717      0x231 Drivers\FEHXBee.o
 .debug_abbrev  0x00002948      0x38c Libraries\FEHRPS.o
 .debug_abbrev  0x00002cd4      0x357 Libraries\FEHSD.o
 .debug_abbrev  0x0000302b       0xb5 C:\fehqt\Proteus/EWL/lib/armv7e-m\libc.a(sprintf.o)
 .debug_abbrev  0x000030e0       0xf4 C:\fehqt\Proteus/EWL/lib/armv7e-m\libc.a(vsnprintf.o)
 .debug_abbrev  0x000031d4       0x8f C:\fehqt\Proteus/EWL/lib/armv7e-m\libc.a(exit.o)
 .debug_abbrev  0x00003263       0x97 C:\fehqt\Proteus/EWL/lib/armv7e-m\libc.a(memcpy.o)
 .debug_abbrev  0x000032fa       0x66 C:\fehqt\Proteus/EWL/lib/armv7e-m\libc.a(memset.o)
 .debug_abbrev  0x00003360       0x7c C:\fehqt\Proteus/EWL/lib/armv7e-m\libc.a(strcpy.o)
 .debug_abbrev  0x000033dc       0x7e C:\fehqt\Proteus/EWL/lib/armv7e-m\libc.a(strlen.o)
 .debug_abbrev  0x0000345a      0x204 C:\fehqt\Proteus/EWL/lib/armv7e-m\libc.a(printformat_.o)
 .debug_abbrev  0x0000365e      0x1fb C:\fehqt\Proteus/EWL/lib/armv7e-m\libc.a(scanformat_.o)
 .debug_abbrev  0x00003859       0x9a C:\fehqt\Proteus/EWL/lib/armv7e-m\libc.a(ctype_aeabi.o)
 .debug_abbrev  0x000038f3       0xc6 C:\fehqt\Proteus/EWL/lib/armv7e-m\libc.a(__strtoul.o)
 .debug_abbrev  0x000039b9       0x8b C:\fehqt\Proteus/EWL/lib/armv7e-m\libc.a(__filll_mem.o)
 .debug_abbrev  0x00003a44       0x99 C:\fehqt\Proteus/EWL/lib/armv7e-m\libc.a(memchr.o)
 .debug_abbrev  0x00003add       0x8d C:\fehqt\Proteus/EWL/lib/armv7e-m\libc.a(strchr.o)
 .debug_abbrev  0x00003b6a       0x9d C:\fehqt\Proteus/EWL/lib/armv7e-m\librt.a(gcc_ctor_dtor.o)
 .debug_abbrev  0x00003c07      0x160 C:\fehqt\Proteus/EWL/lib/armv7e-m\librt.a(ROMCopy.o)
 .debug_abbrev  0x00003d67      0x1d0 C:\fehqt\Proteus/EWL/lib/armv7e-m\librt.a(__arm_eabi_init.o)

.debug_loc      0x00000000     0x6ac6
 .debug_loc     0x00000000      0x524 ..\main.o
 .debug_loc     0x00000524       0xb0 Startup\__arm_start.o
 .debug_loc     0x000005d4       0x38 Startup\__arm_end.o
 .debug_loc     0x0000060c       0x84 Startup\kinetis_sysinit.o
 .debug_loc     0x00000690       0xe0 Libraries\FEHMotor.o
 .debug_loc     0x00000770       0xe0 Drivers\i2c.o
 .debug_loc     0x00000850      0x19c Drivers\spi.o
 .debug_loc     0x000009ec       0xe0 Drivers\uart.o
 .debug_loc     0x00000acc      0xa96 Drivers\ff.o
 .debug_loc     0x00001562      0x370 Drivers\SDHC.o
 .debug_loc     0x000018d2       0x38 Drivers\lptmr.o
 .debug_loc     0x0000190a       0x64 FEHProteus.o
 .debug_loc     0x0000196e      0x118 Drivers\FEHPropeller.o
 .debug_loc     0x00001a86      0x1a8 Libraries\FEHUtility.o
 .debug_loc     0x00001c2e      0x8d6 Libraries\FEHIO.o
 .debug_loc     0x00002504       0xa8 Drivers\adc16.o
 .debug_loc     0x000025ac      0x304 Libraries\FEHBuzzer.o
 .debug_loc     0x000028b0      0x1fa Libraries\FEHServo.o
 .debug_loc     0x00002aaa     0x1147 Libraries\FEHLCD.o
 .debug_loc     0x00003bf1      0x144 Libraries\FEHAccel.o
 .debug_loc     0x00003d35       0xd4 Libraries\FEHBattery.o
 .debug_loc     0x00003e09      0x1c0 Drivers\FEHXBee.o
 .debug_loc     0x00003fc9      0x3e8 Libraries\FEHRPS.o
 .debug_loc     0x000043b1      0x24a Libraries\FEHSD.o
 .debug_loc     0x000045fb       0x3f C:\fehqt\Proteus/EWL/lib/armv7e-m\libc.a(sprintf.o)
 .debug_loc     0x0000463a      0x105 C:\fehqt\Proteus/EWL/lib/armv7e-m\libc.a(vsnprintf.o)
 .debug_loc     0x0000473f       0x3e C:\fehqt\Proteus/EWL/lib/armv7e-m\libc.a(exit.o)
 .debug_loc     0x0000477d       0x46 C:\fehqt\Proteus/EWL/lib/armv7e-m\libc.a(memcpy.o)
 .debug_loc     0x000047c3       0x64 C:\fehqt\Proteus/EWL/lib/armv7e-m\libc.a(memset.o)
 .debug_loc     0x00004827       0x20 C:\fehqt\Proteus/EWL/lib/armv7e-m\libc.a(strcpy.o)
 .debug_loc     0x00004847       0x31 C:\fehqt\Proteus/EWL/lib/armv7e-m\libc.a(strlen.o)
 .debug_loc     0x00004878     0x106f C:\fehqt\Proteus/EWL/lib/armv7e-m\libc.a(printformat_.o)
 .debug_loc     0x000058e7      0x8cb C:\fehqt\Proteus/EWL/lib/armv7e-m\libc.a(scanformat_.o)
 .debug_loc     0x000061b2      0x18e C:\fehqt\Proteus/EWL/lib/armv7e-m\libc.a(ctype_aeabi.o)
 .debug_loc     0x00006340      0x2ad C:\fehqt\Proteus/EWL/lib/armv7e-m\libc.a(__strtoul.o)
 .debug_loc     0x000065ed      0x12c C:\fehqt\Proteus/EWL/lib/armv7e-m\libc.a(__filll_mem.o)
 .debug_loc     0x00006719       0x82 C:\fehqt\Proteus/EWL/lib/armv7e-m\libc.a(memchr.o)
 .debug_loc     0x0000679b       0x78 C:\fehqt\Proteus/EWL/lib/armv7e-m\libc.a(strchr.o)
 .debug_loc     0x00006813       0xbe C:\fehqt\Proteus/EWL/lib/armv7e-m\librt.a(gcc_ctor_dtor.o)
 .debug_loc     0x000068d1       0x9b C:\fehqt\Proteus/EWL/lib/armv7e-m\librt.a(ROMCopy.o)
 .debug_loc     0x0000696c      0x15a C:\fehqt\Proteus/EWL/lib/armv7e-m\librt.a(__arm_eabi_init.o)

.debug_aranges  0x00000000      0xf60
 .debug_aranges
                0x00000000       0xe0 ..\main.o
 .debug_aranges
                0x000000e0       0x48 Startup\__arm_start.o
 .debug_aranges
                0x00000128       0x20 Startup\__arm_end.o
 .debug_aranges
                0x00000148       0x30 Startup\kinetis_sysinit.o
 .debug_aranges
                0x00000178       0x38 Libraries\FEHMotor.o
 .debug_aranges
                0x000001b0       0x38 Drivers\i2c.o
 .debug_aranges
                0x000001e8       0x58 Drivers\spi.o
 .debug_aranges
                0x00000240       0x38 Drivers\uart.o
 .debug_aranges
                0x00000278      0x198 Drivers\ff.o
 .debug_aranges
                0x00000410       0x98 Drivers\SDHC.o
 .debug_aranges
                0x000004a8       0x20 Drivers\lptmr.o
 .debug_aranges
                0x000004c8       0x28 FEHProteus.o
 .debug_aranges
                0x000004f0       0x40 Drivers\FEHPropeller.o
 .debug_aranges
                0x00000530       0x58 Libraries\FEHUtility.o
 .debug_aranges
                0x00000588      0x160 Libraries\FEHIO.o
 .debug_aranges
                0x000006e8       0x30 Drivers\adc16.o
 .debug_aranges
                0x00000718       0x88 Libraries\FEHBuzzer.o
 .debug_aranges
                0x000007a0       0x60 Libraries\FEHServo.o
 .debug_aranges
                0x00000800      0x290 Libraries\FEHLCD.o
 .debug_aranges
                0x00000a90       0x48 Libraries\FEHAccel.o
 .debug_aranges
                0x00000ad8       0x38 Libraries\FEHBattery.o
 .debug_aranges
                0x00000b10       0x58 Drivers\FEHXBee.o
 .debug_aranges
                0x00000b68       0xa8 Libraries\FEHRPS.o
 .debug_aranges
                0x00000c10       0x68 Libraries\FEHSD.o
 .debug_aranges
                0x00000c78       0x20 C:\fehqt\Proteus/EWL/lib/armv7e-m\libc.a(sprintf.o)
 .debug_aranges
                0x00000c98       0x28 C:\fehqt\Proteus/EWL/lib/armv7e-m\libc.a(vsnprintf.o)
 .debug_aranges
                0x00000cc0       0x20 C:\fehqt\Proteus/EWL/lib/armv7e-m\libc.a(exit.o)
 .debug_aranges
                0x00000ce0       0x20 C:\fehqt\Proteus/EWL/lib/armv7e-m\libc.a(memcpy.o)
 .debug_aranges
                0x00000d00       0x20 C:\fehqt\Proteus/EWL/lib/armv7e-m\libc.a(memset.o)
 .debug_aranges
                0x00000d20       0x20 C:\fehqt\Proteus/EWL/lib/armv7e-m\libc.a(strcpy.o)
 .debug_aranges
                0x00000d40       0x20 C:\fehqt\Proteus/EWL/lib/armv7e-m\libc.a(strlen.o)
 .debug_aranges
                0x00000d60       0x28 C:\fehqt\Proteus/EWL/lib/armv7e-m\libc.a(printformat_.o)
 .debug_aranges
                0x00000d88       0x20 C:\fehqt\Proteus/EWL/lib/armv7e-m\libc.a(scanformat_.o)
 .debug_aranges
                0x00000da8       0x88 C:\fehqt\Proteus/EWL/lib/armv7e-m\libc.a(ctype_aeabi.o)
 .debug_aranges
                0x00000e30       0x20 C:\fehqt\Proteus/EWL/lib/armv7e-m\libc.a(__strtoul.o)
 .debug_aranges
                0x00000e50       0x20 C:\fehqt\Proteus/EWL/lib/armv7e-m\libc.a(__filll_mem.o)
 .debug_aranges
                0x00000e70       0x20 C:\fehqt\Proteus/EWL/lib/armv7e-m\libc.a(memchr.o)
 .debug_aranges
                0x00000e90       0x20 C:\fehqt\Proteus/EWL/lib/armv7e-m\libc.a(strchr.o)
 .debug_aranges
                0x00000eb0       0x28 C:\fehqt\Proteus/EWL/lib/armv7e-m\librt.a(gcc_ctor_dtor.o)
 .debug_aranges
                0x00000ed8       0x30 C:\fehqt\Proteus/EWL/lib/armv7e-m\librt.a(ROMCopy.o)
 .debug_aranges
                0x00000f08       0x58 C:\fehqt\Proteus/EWL/lib/armv7e-m\librt.a(__arm_eabi_init.o)

.debug_line     0x00000000     0x81c9
 .debug_line    0x00000000      0x8df ..\main.o
 .debug_line    0x000008df      0x3ad Startup\__arm_start.o
 .debug_line    0x00000c8c      0x21a Startup\__arm_end.o
 .debug_line    0x00000ea6      0x291 Startup\kinetis_sysinit.o
 .debug_line    0x00001137      0x237 Libraries\FEHMotor.o
 .debug_line    0x0000136e      0x2ad Drivers\i2c.o
 .debug_line    0x0000161b      0x295 Drivers\spi.o
 .debug_line    0x000018b0      0x212 Drivers\uart.o
 .debug_line    0x00001ac2     0x1114 Drivers\ff.o
 .debug_line    0x00002bd6      0x678 Drivers\SDHC.o
 .debug_line    0x0000324e      0x1c0 Drivers\lptmr.o
 .debug_line    0x0000340e      0x1da FEHProteus.o
 .debug_line    0x000035e8      0x264 Drivers\FEHPropeller.o
 .debug_line    0x0000384c      0x282 Libraries\FEHUtility.o
 .debug_line    0x00003ace      0x6ee Libraries\FEHIO.o
 .debug_line    0x000041bc      0x20f Drivers\adc16.o
 .debug_line    0x000043cb      0x2df Libraries\FEHBuzzer.o
 .debug_line    0x000046aa      0x545 Libraries\FEHServo.o
 .debug_line    0x00004bef     0x1151 Libraries\FEHLCD.o
 .debug_line    0x00005d40      0x23f Libraries\FEHAccel.o
 .debug_line    0x00005f7f      0x218 Libraries\FEHBattery.o
 .debug_line    0x00006197      0x349 Drivers\FEHXBee.o
 .debug_line    0x000064e0      0x746 Libraries\FEHRPS.o
 .debug_line    0x00006c26      0x3fa Libraries\FEHSD.o
 .debug_line    0x00007020       0x94 C:\fehqt\Proteus/EWL/lib/armv7e-m\libc.a(sprintf.o)
 .debug_line    0x000070b4       0xd2 C:\fehqt\Proteus/EWL/lib/armv7e-m\libc.a(vsnprintf.o)
 .debug_line    0x00007186       0x94 C:\fehqt\Proteus/EWL/lib/armv7e-m\libc.a(exit.o)
 .debug_line    0x0000721a       0x8d C:\fehqt\Proteus/EWL/lib/armv7e-m\libc.a(memcpy.o)
 .debug_line    0x000072a7       0x8f C:\fehqt\Proteus/EWL/lib/armv7e-m\libc.a(memset.o)
 .debug_line    0x00007336       0x8e C:\fehqt\Proteus/EWL/lib/armv7e-m\libc.a(strcpy.o)
 .debug_line    0x000073c4       0x89 C:\fehqt\Proteus/EWL/lib/armv7e-m\libc.a(strlen.o)
 .debug_line    0x0000744d      0x2c6 C:\fehqt\Proteus/EWL/lib/armv7e-m\libc.a(printformat_.o)
 .debug_line    0x00007713      0x2e3 C:\fehqt\Proteus/EWL/lib/armv7e-m\libc.a(scanformat_.o)
 .debug_line    0x000079f6      0x1dd C:\fehqt\Proteus/EWL/lib/armv7e-m\libc.a(ctype_aeabi.o)
 .debug_line    0x00007bd3      0x141 C:\fehqt\Proteus/EWL/lib/armv7e-m\libc.a(__strtoul.o)
 .debug_line    0x00007d14      0x121 C:\fehqt\Proteus/EWL/lib/armv7e-m\libc.a(__filll_mem.o)
 .debug_line    0x00007e35       0xa3 C:\fehqt\Proteus/EWL/lib/armv7e-m\libc.a(memchr.o)
 .debug_line    0x00007ed8       0x84 C:\fehqt\Proteus/EWL/lib/armv7e-m\libc.a(strchr.o)
 .debug_line    0x00007f5c       0x94 C:\fehqt\Proteus/EWL/lib/armv7e-m\librt.a(gcc_ctor_dtor.o)
 .debug_line    0x00007ff0       0xc0 C:\fehqt\Proteus/EWL/lib/armv7e-m\librt.a(ROMCopy.o)
 .debug_line    0x000080b0      0x119 C:\fehqt\Proteus/EWL/lib/armv7e-m\librt.a(__arm_eabi_init.o)

.debug_macinfo  0x00000000   0x89ee40
 .debug_macinfo
                0x00000000    0x67dd6 ..\main.o
 .debug_macinfo
                0x00067dd6    0x647fb Startup\__arm_start.o
 .debug_macinfo
                0x000cc5d1     0x3464 Startup\__arm_end.o
 .debug_macinfo
                0x000cfa35    0x64cce Startup\kinetis_sysinit.o
 .debug_macinfo
                0x00134703    0x6305c Libraries\FEHMotor.o
 .debug_macinfo
                0x0019775f    0x6318f Drivers\i2c.o
 .debug_macinfo
                0x001fa8ee    0x62fd6 Drivers\spi.o
 .debug_macinfo
                0x0025d8c4    0x62fc7 Drivers\uart.o
 .debug_macinfo
                0x002c088b     0x4396 Drivers\ff.o
 .debug_macinfo
                0x002c4c21    0x6452b Drivers\SDHC.o
 .debug_macinfo
                0x0032914c    0x63036 Drivers\lptmr.o
 .debug_macinfo
                0x0038c182    0x62fdc FEHProteus.o
 .debug_macinfo
                0x003ef15e    0x63085 Drivers\FEHPropeller.o
 .debug_macinfo
                0x004521e3    0x62ff1 Libraries\FEHUtility.o
 .debug_macinfo
                0x004b51d4    0x64348 Libraries\FEHIO.o
 .debug_macinfo
                0x0051951c    0x63678 Drivers\adc16.o
 .debug_macinfo
                0x0057cb94    0x6301e Libraries\FEHBuzzer.o
 .debug_macinfo
                0x005dfbb2    0x64476 Libraries\FEHServo.o
 .debug_macinfo
                0x00644028    0x649ab Libraries\FEHLCD.o
 .debug_macinfo
                0x006a89d3    0x631be Libraries\FEHAccel.o
 .debug_macinfo
                0x0070bb91    0x636a3 Libraries\FEHBattery.o
 .debug_macinfo
                0x0076f234    0x63d5d Drivers\FEHXBee.o
 .debug_macinfo
                0x007d2f91    0x66196 Libraries\FEHRPS.o
 .debug_macinfo
                0x00839127    0x65d19 Libraries\FEHSD.o

.debug_str      0x00000000     0x4fc9
 .debug_str     0x00000000     0x1616 ..\main.o
                               0x16ea (size before relaxing)
 .debug_str     0x00001616      0x338 Startup\__arm_start.o
                                0xe67 (size before relaxing)
 .debug_str     0x0000194e       0x23 Startup\__arm_end.o
                                 0xbb (size before relaxing)
 .debug_str     0x00001971      0x23a Startup\kinetis_sysinit.o
                                0x3dc (size before relaxing)
 .debug_str     0x00001bab       0x2f Libraries\FEHMotor.o
                                0x2d9 (size before relaxing)
 .debug_str     0x00001bda      0x11a Drivers\i2c.o
                                0x202 (size before relaxing)
 .debug_str     0x00001cf4      0x18b Drivers\spi.o
                                0x3bb (size before relaxing)
 .debug_str     0x00001e7f      0x188 Drivers\uart.o
                                0x350 (size before relaxing)
 .debug_str     0x00002007      0x6b0 Drivers\ff.o
                                0x853 (size before relaxing)
 .debug_str     0x000026b7      0x546 Drivers\SDHC.o
                                0x829 (size before relaxing)
 .debug_str     0x00002bfd       0x5a Drivers\lptmr.o
                                0x209 (size before relaxing)
 .debug_str     0x00002c57       0x28 FEHProteus.o
                                0x255 (size before relaxing)
 .debug_str     0x00002c7f       0x1f Drivers\FEHPropeller.o
                                0x396 (size before relaxing)
 .debug_str     0x00002c9e       0xc0 Libraries\FEHUtility.o
                                0x1da (size before relaxing)
 .debug_str     0x00002d5e      0xd51 Libraries\FEHIO.o
                               0x12ab (size before relaxing)
 .debug_str     0x00003aaf       0xd7 Drivers\adc16.o
                                0x29a (size before relaxing)
 .debug_str     0x00003b86      0x1ba Libraries\FEHBuzzer.o
                                0x3ac (size before relaxing)
 .debug_str     0x00003d40      0x245 Libraries\FEHServo.o
                               0x110c (size before relaxing)
 .debug_str     0x00003f85      0x2c3 Libraries\FEHLCD.o
                               0x110d (size before relaxing)
 .debug_str     0x00004248       0x68 Libraries\FEHAccel.o
                                0x19e (size before relaxing)
 .debug_str     0x000042b0       0x5d Libraries\FEHBattery.o
                                0x35f (size before relaxing)
 .debug_str     0x0000430d       0xfd Drivers\FEHXBee.o
                                0x545 (size before relaxing)
 .debug_str     0x0000440a      0x1df Libraries\FEHRPS.o
                               0x1606 (size before relaxing)
 .debug_str     0x000045e9       0x9c Libraries\FEHSD.o
                               0x1166 (size before relaxing)
 .debug_str     0x00004685       0x88 C:\fehqt\Proteus/EWL/lib/armv7e-m\libc.a(sprintf.o)
                                0x15a (size before relaxing)
 .debug_str     0x0000470d       0x83 C:\fehqt\Proteus/EWL/lib/armv7e-m\libc.a(vsnprintf.o)
                                0x1c3 (size before relaxing)
 .debug_str     0x00004790       0x2e C:\fehqt\Proteus/EWL/lib/armv7e-m\libc.a(exit.o)
                                0x14e (size before relaxing)
 .debug_str     0x000047be       0x1c C:\fehqt\Proteus/EWL/lib/armv7e-m\libc.a(memcpy.o)
                                0x138 (size before relaxing)
 .debug_str     0x000047da       0x1c C:\fehqt\Proteus/EWL/lib/armv7e-m\libc.a(memset.o)
                                0x140 (size before relaxing)
 .debug_str     0x000047f6       0x24 C:\fehqt\Proteus/EWL/lib/armv7e-m\libc.a(strcpy.o)
                                0x139 (size before relaxing)
 .debug_str     0x0000481a       0x1c C:\fehqt\Proteus/EWL/lib/armv7e-m\libc.a(strlen.o)
                                0x140 (size before relaxing)
 .debug_str     0x00004836      0x21a C:\fehqt\Proteus/EWL/lib/armv7e-m\libc.a(printformat_.o)
                                0x3aa (size before relaxing)
 .debug_str     0x00004a50      0x17b C:\fehqt\Proteus/EWL/lib/armv7e-m\libc.a(scanformat_.o)
                                0x3f0 (size before relaxing)
 .debug_str     0x00004bcb       0x9d C:\fehqt\Proteus/EWL/lib/armv7e-m\libc.a(ctype_aeabi.o)
                                0x1b3 (size before relaxing)
 .debug_str     0x00004c68       0x55 C:\fehqt\Proteus/EWL/lib/armv7e-m\libc.a(__strtoul.o)
                                0x1f2 (size before relaxing)
 .debug_str     0x00004cbd       0x25 C:\fehqt\Proteus/EWL/lib/armv7e-m\libc.a(__filll_mem.o)
                                0x152 (size before relaxing)
 .debug_str     0x00004ce2       0x1c C:\fehqt\Proteus/EWL/lib/armv7e-m\libc.a(memchr.o)
                                0x148 (size before relaxing)
 .debug_str     0x00004cfe       0x1c C:\fehqt\Proteus/EWL/lib/armv7e-m\libc.a(strchr.o)
                                0x137 (size before relaxing)
 .debug_str     0x00004d1a      0x126 C:\fehqt\Proteus/EWL/lib/armv7e-m\librt.a(gcc_ctor_dtor.o)
                                0x185 (size before relaxing)
 .debug_str     0x00004e40       0x96 C:\fehqt\Proteus/EWL/lib/armv7e-m\librt.a(ROMCopy.o)
                                0x140 (size before relaxing)
 .debug_str     0x00004ed6       0xf3 C:\fehqt\Proteus/EWL/lib/armv7e-m\librt.a(__arm_eabi_init.o)
                                0x1ac (size before relaxing)

.comment        0x00000000       0x79
 .comment       0x00000000       0x79 ..\main.o
                                 0x7a (size before relaxing)
 .comment       0x00000000       0x7a Startup\__arm_start.o
 .comment       0x00000000       0x7a Startup\__arm_end.o
 .comment       0x00000000       0x7a Startup\kinetis_sysinit.o
 .comment       0x00000000       0x7a Libraries\FEHMotor.o
 .comment       0x00000000       0x7a Drivers\i2c.o
 .comment       0x00000000       0x7a Drivers\spi.o
 .comment       0x00000000       0x7a Drivers\uart.o
 .comment       0x00000000       0x7a Drivers\ff.o
 .comment       0x00000000       0x7a Drivers\SDHC.o
 .comment       0x00000000       0x7a Drivers\lptmr.o
 .comment       0x00000000       0x7a FEHProteus.o
 .comment       0x00000000       0x7a Drivers\FEHPropeller.o
 .comment       0x00000000       0x7a Libraries\FEHUtility.o
 .comment       0x00000000       0x7a Libraries\FEHIO.o
 .comment       0x00000000       0x7a Drivers\adc16.o
 .comment       0x00000000       0x7a Libraries\FEHBuzzer.o
 .comment       0x00000000       0x7a Libraries\FEHServo.o
 .comment       0x00000000       0x7a Libraries\FEHLCD.o
 .comment       0x00000000       0x7a Libraries\FEHAccel.o
 .comment       0x00000000       0x7a Libraries\FEHBattery.o
 .comment       0x00000000       0x7a Drivers\FEHXBee.o
 .comment       0x00000000       0x7a Libraries\FEHRPS.o
 .comment       0x00000000       0x7a Libraries\FEHSD.o
 .comment       0x00000000       0x7a C:\fehqt\Proteus/EWL/lib/armv7e-m\libc.a(sprintf.o)
 .comment       0x00000000       0x7a C:\fehqt\Proteus/EWL/lib/armv7e-m\libc.a(vsnprintf.o)
 .comment       0x00000000       0x7a C:\fehqt\Proteus/EWL/lib/armv7e-m\libc.a(exit.o)
 .comment       0x00000000       0x7a C:\fehqt\Proteus/EWL/lib/armv7e-m\libc.a(memcpy.o)
 .comment       0x00000000       0x7a C:\fehqt\Proteus/EWL/lib/armv7e-m\libc.a(memset.o)
 .comment       0x00000000       0x7a C:\fehqt\Proteus/EWL/lib/armv7e-m\libc.a(strcpy.o)
 .comment       0x00000000       0x7a C:\fehqt\Proteus/EWL/lib/armv7e-m\libc.a(strlen.o)
 .comment       0x00000000       0x7a C:\fehqt\Proteus/EWL/lib/armv7e-m\libc.a(printformat_.o)
 .comment       0x00000000       0x7a C:\fehqt\Proteus/EWL/lib/armv7e-m\libc.a(scanformat_.o)
 .comment       0x00000000       0x7a C:\fehqt\Proteus/EWL/lib/armv7e-m\libc.a(ctype_aeabi.o)
 .comment       0x00000000       0x7a C:\fehqt\Proteus/EWL/lib/armv7e-m\libc.a(__strtoul.o)
 .comment       0x00000000       0x7a C:\fehqt\Proteus/EWL/lib/armv7e-m\libc.a(__filll_mem.o)
 .comment       0x00000000       0x7a C:\fehqt\Proteus/EWL/lib/armv7e-m\libc.a(memchr.o)
 .comment       0x00000000       0x7a C:\fehqt\Proteus/EWL/lib/armv7e-m\libc.a(strchr.o)
 .comment       0x00000000       0x7a C:\fehqt\Proteus/EWL/lib/armv7e-m\librt.a(gcc_ctor_dtor.o)
 .comment       0x00000000       0x7a C:\fehqt\Proteus/EWL/lib/armv7e-m\librt.a(ROMCopy.o)
 .comment       0x00000000       0x7a C:\fehqt\Proteus/EWL/lib/armv7e-m\librt.a(__arm_eabi_init.o)

.debug_frame    0x00000000     0x2d90
 .debug_frame   0x00000000      0x33c ..\main.o
 .debug_frame   0x0000033c       0x98 Startup\__arm_start.o
 .debug_frame   0x000003d4       0x2c Startup\__arm_end.o
 .debug_frame   0x00000400       0x5c Startup\kinetis_sysinit.o
 .debug_frame   0x0000045c       0x94 Libraries\FEHMotor.o
 .debug_frame   0x000004f0       0x88 Drivers\i2c.o
 .debug_frame   0x00000578       0xf8 Drivers\spi.o
 .debug_frame   0x00000670       0x84 Drivers\uart.o
 .debug_frame   0x000006f4      0x5e8 Drivers\ff.o
 .debug_frame   0x00000cdc      0x1e8 Drivers\SDHC.o
 .debug_frame   0x00000ec4       0x2c Drivers\lptmr.o
 .debug_frame   0x00000ef0       0x4c FEHProteus.o
 .debug_frame   0x00000f3c       0xa8 Drivers\FEHPropeller.o
 .debug_frame   0x00000fe4       0xf8 Libraries\FEHUtility.o
 .debug_frame   0x000010dc      0x4e8 Libraries\FEHIO.o
 .debug_frame   0x000015c4       0x64 Drivers\adc16.o
 .debug_frame   0x00001628      0x1c8 Libraries\FEHBuzzer.o
 .debug_frame   0x000017f0      0x12c Libraries\FEHServo.o
 .debug_frame   0x0000191c      0x9c0 Libraries\FEHLCD.o
 .debug_frame   0x000022dc       0xd8 Libraries\FEHAccel.o
 .debug_frame   0x000023b4       0x8c Libraries\FEHBattery.o
 .debug_frame   0x00002440       0xfc Drivers\FEHXBee.o
 .debug_frame   0x0000253c      0x230 Libraries\FEHRPS.o
 .debug_frame   0x0000276c      0x168 Libraries\FEHSD.o
 .debug_frame   0x000028d4       0x34 C:\fehqt\Proteus/EWL/lib/armv7e-m\libc.a(sprintf.o)
 .debug_frame   0x00002908       0x4c C:\fehqt\Proteus/EWL/lib/armv7e-m\libc.a(vsnprintf.o)
 .debug_frame   0x00002954       0x28 C:\fehqt\Proteus/EWL/lib/armv7e-m\libc.a(exit.o)
 .debug_frame   0x0000297c       0x28 C:\fehqt\Proteus/EWL/lib/armv7e-m\libc.a(memcpy.o)
 .debug_frame   0x000029a4       0x28 C:\fehqt\Proteus/EWL/lib/armv7e-m\libc.a(memset.o)
 .debug_frame   0x000029cc       0x28 C:\fehqt\Proteus/EWL/lib/armv7e-m\libc.a(strcpy.o)
 .debug_frame   0x000029f4       0x20 C:\fehqt\Proteus/EWL/lib/armv7e-m\libc.a(strlen.o)
 .debug_frame   0x00002a14       0x64 C:\fehqt\Proteus/EWL/lib/armv7e-m\libc.a(printformat_.o)
 .debug_frame   0x00002a78       0x3c C:\fehqt\Proteus/EWL/lib/armv7e-m\libc.a(scanformat_.o)
 .debug_frame   0x00002ab4       0xf0 C:\fehqt\Proteus/EWL/lib/armv7e-m\libc.a(ctype_aeabi.o)
 .debug_frame   0x00002ba4       0x3c C:\fehqt\Proteus/EWL/lib/armv7e-m\libc.a(__strtoul.o)
 .debug_frame   0x00002be0       0x2c C:\fehqt\Proteus/EWL/lib/armv7e-m\libc.a(__filll_mem.o)
 .debug_frame   0x00002c0c       0x28 C:\fehqt\Proteus/EWL/lib/armv7e-m\libc.a(memchr.o)
 .debug_frame   0x00002c34       0x20 C:\fehqt\Proteus/EWL/lib/armv7e-m\libc.a(strchr.o)
 .debug_frame   0x00002c54       0x48 C:\fehqt\Proteus/EWL/lib/armv7e-m\librt.a(gcc_ctor_dtor.o)
 .debug_frame   0x00002c9c       0x48 C:\fehqt\Proteus/EWL/lib/armv7e-m\librt.a(ROMCopy.o)
 .debug_frame   0x00002ce4       0xac C:\fehqt\Proteus/EWL/lib/armv7e-m\librt.a(__arm_eabi_init.o)
